train tokens=22,080,306,662 val tokens=225,309,251 world=96 eff_batch=96 tok/step=98,304
grad_checkpointing deferred to FSDP activation checkpointing
HLM5LM huge3b: 2702.5M params (vocab 65536, memory_layer=True)
FSDP FULL_SHARD on (use_orig_params=True for tied embed/head)
FSDP activation checkpointing: ON (non-reentrant)
fsdp pilot: model-only checkpoints (no optimizer shard)
FSDP local-state load candidates: strip-root-fsdp, strip-checkpoint-wrapper, strip-all-fsdp-checkpoint-wrappers, raw
temporarily disabled requires_grad on 429 FSDP params
FSDP local-state strict=False fallback succeeded with strip-root-fsdp keys missing=0 unexpected=33
normalized legacy FSDP local-state wrapper keys
resumed sharded runs/g4_hybrid/ckpt_step520000 rank=0 at step 520000
step 520000 loss 2.608 lr 1.06e-05 14K tok/s
step 520100 loss 2.690 lr 1.06e-05 120K tok/s
step 520200 loss 2.665 lr 1.06e-05 123K tok/s
step 520300 loss 2.545 lr 1.06e-05 125K tok/s
step 520400 loss 3.036 lr 1.05e-05 126K tok/s
step 520500 loss 2.940 lr 1.05e-05 127K tok/s
step 520600 loss 2.814 lr 1.05e-05 128K tok/s
step 520700 loss 2.925 lr 1.05e-05 128K tok/s
step 520800 loss 2.552 lr 1.04e-05 129K tok/s
step 520900 loss 2.579 lr 1.04e-05 129K tok/s
step 521000 loss 2.915 lr 1.04e-05 130K tok/s
step 521100 loss 3.193 lr 1.04e-05 130K tok/s
step 521200 loss 2.399 lr 1.03e-05 131K tok/s
step 521300 loss 2.276 lr 1.03e-05 131K tok/s
step 521400 loss 2.876 lr 1.03e-05 132K tok/s
step 521500 loss 2.924 lr 1.03e-05 132K tok/s
step 521600 loss 2.912 lr 1.03e-05 132K tok/s
step 521700 loss 2.340 lr 1.02e-05 132K tok/s
step 521800 loss 2.811 lr 1.02e-05 132K tok/s
step 521900 loss 2.793 lr 1.02e-05 133K tok/s
  eval at step 521999...
/leonardo/prod/opt/libraries/cineca-ai/4.1.1/none/cineca-ai-env/lib/python3.11/site-packages/torch/nn/modules/transformer.py:562: UserWarning: Converting mask without torch.bool dtype to bool; this will negatively affect performance. Prefer to use a boolean mask directly. (Triggered internally at /leonardo/prod/build/libraries/cineca-ai/4.1.1/none/BA_WORK/cineca-ai-4.1.1/work-dir/000004/000000_cineca-ai/work/sources/pytorch/aten/src/ATen/native/transformers/attention.cpp:150.)
  return torch._transformer_encoder_layer_fwd(
/leonardo/prod/opt/libraries/cineca-ai/4.1.1/none/cineca-ai-env/lib/python3.11/site-packages/torch/nn/modules/transformer.py:562: UserWarning: Converting mask without torch.bool dtype to bool; this will negatively affect performance. Prefer to use a boolean mask directly. (Triggered internally at /leonardo/prod/build/libraries/cineca-ai/4.1.1/none/BA_WORK/cineca-ai-4.1.1/work-dir/000004/000000_cineca-ai/work/sources/pytorch/aten/src/ATen/native/transformers/attention.cpp:150.)
  return torch._transformer_encoder_layer_fwd(
/leonardo/prod/opt/libraries/cineca-ai/4.1.1/none/cineca-ai-env/lib/python3.11/site-packages/torch/nn/modules/transformer.py:562: UserWarning: Converting mask without torch.bool dtype to bool; this will negatively affect performance. Prefer to use a boolean mask directly. (Triggered internally at /leonardo/prod/build/libraries/cineca-ai/4.1.1/none/BA_WORK/cineca-ai-4.1.1/work-dir/000004/000000_cineca-ai/work/sources/pytorch/aten/src/ATen/native/transformers/attention.cpp:150.)
  return torch._transformer_encoder_layer_fwd(
/leonardo/prod/opt/libraries/cineca-ai/4.1.1/none/cineca-ai-env/lib/python3.11/site-packages/torch/nn/modules/transformer.py:562: UserWarning: Converting mask without torch.bool dtype to bool; this will negatively affect performance. Prefer to use a boolean mask directly. (Triggered internally at /leonardo/prod/build/libraries/cineca-ai/4.1.1/none/BA_WORK/cineca-ai-4.1.1/work-dir/000004/000000_cineca-ai/work/sources/pytorch/aten/src/ATen/native/transformers/attention.cpp:150.)
  return torch._transformer_encoder_layer_fwd(
/leonardo/prod/opt/libraries/cineca-ai/4.1.1/none/cineca-ai-env/lib/python3.11/site-packages/torch/nn/modules/transformer.py:562: UserWarning: Converting mask without torch.bool dtype to bool; this will negatively affect performance. Prefer to use a boolean mask directly. (Triggered internally at /leonardo/prod/build/libraries/cineca-ai/4.1.1/none/BA_WORK/cineca-ai-4.1.1/work-dir/000004/000000_cineca-ai/work/sources/pytorch/aten/src/ATen/native/transformers/attention.cpp:150.)
  return torch._transformer_encoder_layer_fwd(
/leonardo/prod/opt/libraries/cineca-ai/4.1.1/none/cineca-ai-env/lib/python3.11/site-packages/torch/nn/modules/transformer.py:562: UserWarning: Converting mask without torch.bool dtype to bool; this will negatively affect performance. Prefer to use a boolean mask directly. (Triggered internally at /leonardo/prod/build/libraries/cineca-ai/4.1.1/none/BA_WORK/cineca-ai-4.1.1/work-dir/000004/000000_cineca-ai/work/sources/pytorch/aten/src/ATen/native/transformers/attention.cpp:150.)
  return torch._transformer_encoder_layer_fwd(
/leonardo/prod/opt/libraries/cineca-ai/4.1.1/none/cineca-ai-env/lib/python3.11/site-packages/torch/nn/modules/transformer.py:562: UserWarning: Converting mask without torch.bool dtype to bool; this will negatively affect performance. Prefer to use a boolean mask directly. (Triggered internally at /leonardo/prod/build/libraries/cineca-ai/4.1.1/none/BA_WORK/cineca-ai-4.1.1/work-dir/000004/000000_cineca-ai/work/sources/pytorch/aten/src/ATen/native/transformers/attention.cpp:150.)
  return torch._transformer_encoder_layer_fwd(
/leonardo/prod/opt/libraries/cineca-ai/4.1.1/none/cineca-ai-env/lib/python3.11/site-packages/torch/nn/modules/transformer.py:562: UserWarning: Converting mask without torch.bool dtype to bool; this will negatively affect performance. Prefer to use a boolean mask directly. (Triggered internally at /leonardo/prod/build/libraries/cineca-ai/4.1.1/none/BA_WORK/cineca-ai-4.1.1/work-dir/000004/000000_cineca-ai/work/sources/pytorch/aten/src/ATen/native/transformers/attention.cpp:150.)
  return torch._transformer_encoder_layer_fwd(
/leonardo/prod/opt/libraries/cineca-ai/4.1.1/none/cineca-ai-env/lib/python3.11/site-packages/torch/nn/modules/transformer.py:562: UserWarning: Converting mask without torch.bool dtype to bool; this will negatively affect performance. Prefer to use a boolean mask directly. (Triggered internally at /leonardo/prod/build/libraries/cineca-ai/4.1.1/none/BA_WORK/cineca-ai-4.1.1/work-dir/000004/000000_cineca-ai/work/sources/pytorch/aten/src/ATen/native/transformers/attention.cpp:150.)
  return torch._transformer_encoder_layer_fwd(
/leonardo/prod/opt/libraries/cineca-ai/4.1.1/none/cineca-ai-env/lib/python3.11/site-packages/torch/nn/modules/transformer.py:562: UserWarning: Converting mask without torch.bool dtype to bool; this will negatively affect performance. Prefer to use a boolean mask directly. (Triggered internally at /leonardo/prod/build/libraries/cineca-ai/4.1.1/none/BA_WORK/cineca-ai-4.1.1/work-dir/000004/000000_cineca-ai/work/sources/pytorch/aten/src/ATen/native/transformers/attention.cpp:150.)
  return torch._transformer_encoder_layer_fwd(
/leonardo/prod/opt/libraries/cineca-ai/4.1.1/none/cineca-ai-env/lib/python3.11/site-packages/torch/nn/modules/transformer.py:562: UserWarning: Converting mask without torch.bool dtype to bool; this will negatively affect performance. Prefer to use a boolean mask directly. (Triggered internally at /leonardo/prod/build/libraries/cineca-ai/4.1.1/none/BA_WORK/cineca-ai-4.1.1/work-dir/000004/000000_cineca-ai/work/sources/pytorch/aten/src/ATen/native/transformers/attention.cpp:150.)
  return torch._transformer_encoder_layer_fwd(
/leonardo/prod/opt/libraries/cineca-ai/4.1.1/none/cineca-ai-env/lib/python3.11/site-packages/torch/nn/modules/transformer.py:562: UserWarning: Converting mask without torch.bool dtype to bool; this will negatively affect performance. Prefer to use a boolean mask directly. (Triggered internally at /leonardo/prod/build/libraries/cineca-ai/4.1.1/none/BA_WORK/cineca-ai-4.1.1/work-dir/000004/000000_cineca-ai/work/sources/pytorch/aten/src/ATen/native/transformers/attention.cpp:150.)
  return torch._transformer_encoder_layer_fwd(
/leonardo/prod/opt/libraries/cineca-ai/4.1.1/none/cineca-ai-env/lib/python3.11/site-packages/torch/nn/modules/transformer.py:562: UserWarning: Converting mask without torch.bool dtype to bool; this will negatively affect performance. Prefer to use a boolean mask directly. (Triggered internally at /leonardo/prod/build/libraries/cineca-ai/4.1.1/none/BA_WORK/cineca-ai-4.1.1/work-dir/000004/000000_cineca-ai/work/sources/pytorch/aten/src/ATen/native/transformers/attention.cpp:150.)
  return torch._transformer_encoder_layer_fwd(
/leonardo/prod/opt/libraries/cineca-ai/4.1.1/none/cineca-ai-env/lib/python3.11/site-packages/torch/nn/modules/transformer.py:562: UserWarning: Converting mask without torch.bool dtype to bool; this will negatively affect performance. Prefer to use a boolean mask directly. (Triggered internally at /leonardo/prod/build/libraries/cineca-ai/4.1.1/none/BA_WORK/cineca-ai-4.1.1/work-dir/000004/000000_cineca-ai/work/sources/pytorch/aten/src/ATen/native/transformers/attention.cpp:150.)
  return torch._transformer_encoder_layer_fwd(
/leonardo/prod/opt/libraries/cineca-ai/4.1.1/none/cineca-ai-env/lib/python3.11/site-packages/torch/nn/modules/transformer.py:562: UserWarning: Converting mask without torch.bool dtype to bool; this will negatively affect performance. Prefer to use a boolean mask directly. (Triggered internally at /leonardo/prod/build/libraries/cineca-ai/4.1.1/none/BA_WORK/cineca-ai-4.1.1/work-dir/000004/000000_cineca-ai/work/sources/pytorch/aten/src/ATen/native/transformers/attention.cpp:150.)
  return torch._transformer_encoder_layer_fwd(
/leonardo/prod/opt/libraries/cineca-ai/4.1.1/none/cineca-ai-env/lib/python3.11/site-packages/torch/nn/modules/transformer.py:562: UserWarning: Converting mask without torch.bool dtype to bool; this will negatively affect performance. Prefer to use a boolean mask directly. (Triggered internally at /leonardo/prod/build/libraries/cineca-ai/4.1.1/none/BA_WORK/cineca-ai-4.1.1/work-dir/000004/000000_cineca-ai/work/sources/pytorch/aten/src/ATen/native/transformers/attention.cpp:150.)
  return torch._transformer_encoder_layer_fwd(
/leonardo/prod/opt/libraries/cineca-ai/4.1.1/none/cineca-ai-env/lib/python3.11/site-packages/torch/nn/modules/transformer.py:562: UserWarning: Converting mask without torch.bool dtype to bool; this will negatively affect performance. Prefer to use a boolean mask directly. (Triggered internally at /leonardo/prod/build/libraries/cineca-ai/4.1.1/none/BA_WORK/cineca-ai-4.1.1/work-dir/000004/000000_cineca-ai/work/sources/pytorch/aten/src/ATen/native/transformers/attention.cpp:150.)
  return torch._transformer_encoder_layer_fwd(
/leonardo/prod/opt/libraries/cineca-ai/4.1.1/none/cineca-ai-env/lib/python3.11/site-packages/torch/nn/modules/transformer.py:562: UserWarning: Converting mask without torch.bool dtype to bool; this will negatively affect performance. Prefer to use a boolean mask directly. (Triggered internally at /leonardo/prod/build/libraries/cineca-ai/4.1.1/none/BA_WORK/cineca-ai-4.1.1/work-dir/000004/000000_cineca-ai/work/sources/pytorch/aten/src/ATen/native/transformers/attention.cpp:150.)
  return torch._transformer_encoder_layer_fwd(
/leonardo/prod/opt/libraries/cineca-ai/4.1.1/none/cineca-ai-env/lib/python3.11/site-packages/torch/nn/modules/transformer.py:562: UserWarning: Converting mask without torch.bool dtype to bool; this will negatively affect performance. Prefer to use a boolean mask directly. (Triggered internally at /leonardo/prod/build/libraries/cineca-ai/4.1.1/none/BA_WORK/cineca-ai-4.1.1/work-dir/000004/000000_cineca-ai/work/sources/pytorch/aten/src/ATen/native/transformers/attention.cpp:150.)
  return torch._transformer_encoder_layer_fwd(
/leonardo/prod/opt/libraries/cineca-ai/4.1.1/none/cineca-ai-env/lib/python3.11/site-packages/torch/nn/modules/transformer.py:562: UserWarning: Converting mask without torch.bool dtype to bool; this will negatively affect performance. Prefer to use a boolean mask directly. (Triggered internally at /leonardo/prod/build/libraries/cineca-ai/4.1.1/none/BA_WORK/cineca-ai-4.1.1/work-dir/000004/000000_cineca-ai/work/sources/pytorch/aten/src/ATen/native/transformers/attention.cpp:150.)
  return torch._transformer_encoder_layer_fwd(
/leonardo/prod/opt/libraries/cineca-ai/4.1.1/none/cineca-ai-env/lib/python3.11/site-packages/torch/nn/modules/transformer.py:562: UserWarning: Converting mask without torch.bool dtype to bool; this will negatively affect performance. Prefer to use a boolean mask directly. (Triggered internally at /leonardo/prod/build/libraries/cineca-ai/4.1.1/none/BA_WORK/cineca-ai-4.1.1/work-dir/000004/000000_cineca-ai/work/sources/pytorch/aten/src/ATen/native/transformers/attention.cpp:150.)
  return torch._transformer_encoder_layer_fwd(
/leonardo/prod/opt/libraries/cineca-ai/4.1.1/none/cineca-ai-env/lib/python3.11/site-packages/torch/nn/modules/transformer.py:562: UserWarning: Converting mask without torch.bool dtype to bool; this will negatively affect performance. Prefer to use a boolean mask directly. (Triggered internally at /leonardo/prod/build/libraries/cineca-ai/4.1.1/none/BA_WORK/cineca-ai-4.1.1/work-dir/000004/000000_cineca-ai/work/sources/pytorch/aten/src/ATen/native/transformers/attention.cpp:150.)
  return torch._transformer_encoder_layer_fwd(
/leonardo/prod/opt/libraries/cineca-ai/4.1.1/none/cineca-ai-env/lib/python3.11/site-packages/torch/nn/modules/transformer.py:562: UserWarning: Converting mask without torch.bool dtype to bool; this will negatively affect performance. Prefer to use a boolean mask directly. (Triggered internally at /leonardo/prod/build/libraries/cineca-ai/4.1.1/none/BA_WORK/cineca-ai-4.1.1/work-dir/000004/000000_cineca-ai/work/sources/pytorch/aten/src/ATen/native/transformers/attention.cpp:150.)
  return torch._transformer_encoder_layer_fwd(
/leonardo/prod/opt/libraries/cineca-ai/4.1.1/none/cineca-ai-env/lib/python3.11/site-packages/torch/nn/modules/transformer.py:562: UserWarning: Converting mask without torch.bool dtype to bool; this will negatively affect performance. Prefer to use a boolean mask directly. (Triggered internally at /leonardo/prod/build/libraries/cineca-ai/4.1.1/none/BA_WORK/cineca-ai-4.1.1/work-dir/000004/000000_cineca-ai/work/sources/pytorch/aten/src/ATen/native/transformers/attention.cpp:150.)
  return torch._transformer_encoder_layer_fwd(
/leonardo/prod/opt/libraries/cineca-ai/4.1.1/none/cineca-ai-env/lib/python3.11/site-packages/torch/nn/modules/transformer.py:562: UserWarning: Converting mask without torch.bool dtype to bool; this will negatively affect performance. Prefer to use a boolean mask directly. (Triggered internally at /leonardo/prod/build/libraries/cineca-ai/4.1.1/none/BA_WORK/cineca-ai-4.1.1/work-dir/000004/000000_cineca-ai/work/sources/pytorch/aten/src/ATen/native/transformers/attention.cpp:150.)
  return torch._transformer_encoder_layer_fwd(
/leonardo/prod/opt/libraries/cineca-ai/4.1.1/none/cineca-ai-env/lib/python3.11/site-packages/torch/nn/modules/transformer.py:562: UserWarning: Converting mask without torch.bool dtype to bool; this will negatively affect performance. Prefer to use a boolean mask directly. (Triggered internally at /leonardo/prod/build/libraries/cineca-ai/4.1.1/none/BA_WORK/cineca-ai-4.1.1/work-dir/000004/000000_cineca-ai/work/sources/pytorch/aten/src/ATen/native/transformers/attention.cpp:150.)
  return torch._transformer_encoder_layer_fwd(
/leonardo/prod/opt/libraries/cineca-ai/4.1.1/none/cineca-ai-env/lib/python3.11/site-packages/torch/nn/modules/transformer.py:562: UserWarning: Converting mask without torch.bool dtype to bool; this will negatively affect performance. Prefer to use a boolean mask directly. (Triggered internally at /leonardo/prod/build/libraries/cineca-ai/4.1.1/none/BA_WORK/cineca-ai-4.1.1/work-dir/000004/000000_cineca-ai/work/sources/pytorch/aten/src/ATen/native/transformers/attention.cpp:150.)
  return torch._transformer_encoder_layer_fwd(
/leonardo/prod/opt/libraries/cineca-ai/4.1.1/none/cineca-ai-env/lib/python3.11/site-packages/torch/nn/modules/transformer.py:562: UserWarning: Converting mask without torch.bool dtype to bool; this will negatively affect performance. Prefer to use a boolean mask directly. (Triggered internally at /leonardo/prod/build/libraries/cineca-ai/4.1.1/none/BA_WORK/cineca-ai-4.1.1/work-dir/000004/000000_cineca-ai/work/sources/pytorch/aten/src/ATen/native/transformers/attention.cpp:150.)
  return torch._transformer_encoder_layer_fwd(
/leonardo/prod/opt/libraries/cineca-ai/4.1.1/none/cineca-ai-env/lib/python3.11/site-packages/torch/nn/modules/transformer.py:562: UserWarning: Converting mask without torch.bool dtype to bool; this will negatively affect performance. Prefer to use a boolean mask directly. (Triggered internally at /leonardo/prod/build/libraries/cineca-ai/4.1.1/none/BA_WORK/cineca-ai-4.1.1/work-dir/000004/000000_cineca-ai/work/sources/pytorch/aten/src/ATen/native/transformers/attention.cpp:150.)
  return torch._transformer_encoder_layer_fwd(
/leonardo/prod/opt/libraries/cineca-ai/4.1.1/none/cineca-ai-env/lib/python3.11/site-packages/torch/nn/modules/transformer.py:562: UserWarning: Converting mask without torch.bool dtype to bool; this will negatively affect performance. Prefer to use a boolean mask directly. (Triggered internally at /leonardo/prod/build/libraries/cineca-ai/4.1.1/none/BA_WORK/cineca-ai-4.1.1/work-dir/000004/000000_cineca-ai/work/sources/pytorch/aten/src/ATen/native/transformers/attention.cpp:150.)
  return torch._transformer_encoder_layer_fwd(
/leonardo/prod/opt/libraries/cineca-ai/4.1.1/none/cineca-ai-env/lib/python3.11/site-packages/torch/nn/modules/transformer.py:562: UserWarning: Converting mask without torch.bool dtype to bool; this will negatively affect performance. Prefer to use a boolean mask directly. (Triggered internally at /leonardo/prod/build/libraries/cineca-ai/4.1.1/none/BA_WORK/cineca-ai-4.1.1/work-dir/000004/000000_cineca-ai/work/sources/pytorch/aten/src/ATen/native/transformers/attention.cpp:150.)
  return torch._transformer_encoder_layer_fwd(
/leonardo/prod/opt/libraries/cineca-ai/4.1.1/none/cineca-ai-env/lib/python3.11/site-packages/torch/nn/modules/transformer.py:562: UserWarning: Converting mask without torch.bool dtype to bool; this will negatively affect performance. Prefer to use a boolean mask directly. (Triggered internally at /leonardo/prod/build/libraries/cineca-ai/4.1.1/none/BA_WORK/cineca-ai-4.1.1/work-dir/000004/000000_cineca-ai/work/sources/pytorch/aten/src/ATen/native/transformers/attention.cpp:150.)
  return torch._transformer_encoder_layer_fwd(
/leonardo/prod/opt/libraries/cineca-ai/4.1.1/none/cineca-ai-env/lib/python3.11/site-packages/torch/nn/modules/transformer.py:562: UserWarning: Converting mask without torch.bool dtype to bool; this will negatively affect performance. Prefer to use a boolean mask directly. (Triggered internally at /leonardo/prod/build/libraries/cineca-ai/4.1.1/none/BA_WORK/cineca-ai-4.1.1/work-dir/000004/000000_cineca-ai/work/sources/pytorch/aten/src/ATen/native/transformers/attention.cpp:150.)
  return torch._transformer_encoder_layer_fwd(
/leonardo/prod/opt/libraries/cineca-ai/4.1.1/none/cineca-ai-env/lib/python3.11/site-packages/torch/nn/modules/transformer.py:562: UserWarning: Converting mask without torch.bool dtype to bool; this will negatively affect performance. Prefer to use a boolean mask directly. (Triggered internally at /leonardo/prod/build/libraries/cineca-ai/4.1.1/none/BA_WORK/cineca-ai-4.1.1/work-dir/000004/000000_cineca-ai/work/sources/pytorch/aten/src/ATen/native/transformers/attention.cpp:150.)
  return torch._transformer_encoder_layer_fwd(
/leonardo/prod/opt/libraries/cineca-ai/4.1.1/none/cineca-ai-env/lib/python3.11/site-packages/torch/nn/modules/transformer.py:562: UserWarning: Converting mask without torch.bool dtype to bool; this will negatively affect performance. Prefer to use a boolean mask directly. (Triggered internally at /leonardo/prod/build/libraries/cineca-ai/4.1.1/none/BA_WORK/cineca-ai-4.1.1/work-dir/000004/000000_cineca-ai/work/sources/pytorch/aten/src/ATen/native/transformers/attention.cpp:150.)
  return torch._transformer_encoder_layer_fwd(
/leonardo/prod/opt/libraries/cineca-ai/4.1.1/none/cineca-ai-env/lib/python3.11/site-packages/torch/nn/modules/transformer.py:562: UserWarning: Converting mask without torch.bool dtype to bool; this will negatively affect performance. Prefer to use a boolean mask directly. (Triggered internally at /leonardo/prod/build/libraries/cineca-ai/4.1.1/none/BA_WORK/cineca-ai-4.1.1/work-dir/000004/000000_cineca-ai/work/sources/pytorch/aten/src/ATen/native/transformers/attention.cpp:150.)
  return torch._transformer_encoder_layer_fwd(
/leonardo/prod/opt/libraries/cineca-ai/4.1.1/none/cineca-ai-env/lib/python3.11/site-packages/torch/nn/modules/transformer.py:562: UserWarning: Converting mask without torch.bool dtype to bool; this will negatively affect performance. Prefer to use a boolean mask directly. (Triggered internally at /leonardo/prod/build/libraries/cineca-ai/4.1.1/none/BA_WORK/cineca-ai-4.1.1/work-dir/000004/000000_cineca-ai/work/sources/pytorch/aten/src/ATen/native/transformers/attention.cpp:150.)
  return torch._transformer_encoder_layer_fwd(
/leonardo/prod/opt/libraries/cineca-ai/4.1.1/none/cineca-ai-env/lib/python3.11/site-packages/torch/nn/modules/transformer.py:562: UserWarning: Converting mask without torch.bool dtype to bool; this will negatively affect performance. Prefer to use a boolean mask directly. (Triggered internally at /leonardo/prod/build/libraries/cineca-ai/4.1.1/none/BA_WORK/cineca-ai-4.1.1/work-dir/000004/000000_cineca-ai/work/sources/pytorch/aten/src/ATen/native/transformers/attention.cpp:150.)
  return torch._transformer_encoder_layer_fwd(
/leonardo/prod/opt/libraries/cineca-ai/4.1.1/none/cineca-ai-env/lib/python3.11/site-packages/torch/nn/modules/transformer.py:562: UserWarning: Converting mask without torch.bool dtype to bool; this will negatively affect performance. Prefer to use a boolean mask directly. (Triggered internally at /leonardo/prod/build/libraries/cineca-ai/4.1.1/none/BA_WORK/cineca-ai-4.1.1/work-dir/000004/000000_cineca-ai/work/sources/pytorch/aten/src/ATen/native/transformers/attention.cpp:150.)
  return torch._transformer_encoder_layer_fwd(
/leonardo/prod/opt/libraries/cineca-ai/4.1.1/none/cineca-ai-env/lib/python3.11/site-packages/torch/nn/modules/transformer.py:562: UserWarning: Converting mask without torch.bool dtype to bool; this will negatively affect performance. Prefer to use a boolean mask directly. (Triggered internally at /leonardo/prod/build/libraries/cineca-ai/4.1.1/none/BA_WORK/cineca-ai-4.1.1/work-dir/000004/000000_cineca-ai/work/sources/pytorch/aten/src/ATen/native/transformers/attention.cpp:150.)
  return torch._transformer_encoder_layer_fwd(
/leonardo/prod/opt/libraries/cineca-ai/4.1.1/none/cineca-ai-env/lib/python3.11/site-packages/torch/nn/modules/transformer.py:562: UserWarning: Converting mask without torch.bool dtype to bool; this will negatively affect performance. Prefer to use a boolean mask directly. (Triggered internally at /leonardo/prod/build/libraries/cineca-ai/4.1.1/none/BA_WORK/cineca-ai-4.1.1/work-dir/000004/000000_cineca-ai/work/sources/pytorch/aten/src/ATen/native/transformers/attention.cpp:150.)
  return torch._transformer_encoder_layer_fwd(
/leonardo/prod/opt/libraries/cineca-ai/4.1.1/none/cineca-ai-env/lib/python3.11/site-packages/torch/nn/modules/transformer.py:562: UserWarning: Converting mask without torch.bool dtype to bool; this will negatively affect performance. Prefer to use a boolean mask directly. (Triggered internally at /leonardo/prod/build/libraries/cineca-ai/4.1.1/none/BA_WORK/cineca-ai-4.1.1/work-dir/000004/000000_cineca-ai/work/sources/pytorch/aten/src/ATen/native/transformers/attention.cpp:150.)
  return torch._transformer_encoder_layer_fwd(
/leonardo/prod/opt/libraries/cineca-ai/4.1.1/none/cineca-ai-env/lib/python3.11/site-packages/torch/nn/modules/transformer.py:562: UserWarning: Converting mask without torch.bool dtype to bool; this will negatively affect performance. Prefer to use a boolean mask directly. (Triggered internally at /leonardo/prod/build/libraries/cineca-ai/4.1.1/none/BA_WORK/cineca-ai-4.1.1/work-dir/000004/000000_cineca-ai/work/sources/pytorch/aten/src/ATen/native/transformers/attention.cpp:150.)
  return torch._transformer_encoder_layer_fwd(
/leonardo/prod/opt/libraries/cineca-ai/4.1.1/none/cineca-ai-env/lib/python3.11/site-packages/torch/nn/modules/transformer.py:562: UserWarning: Converting mask without torch.bool dtype to bool; this will negatively affect performance. Prefer to use a boolean mask directly. (Triggered internally at /leonardo/prod/build/libraries/cineca-ai/4.1.1/none/BA_WORK/cineca-ai-4.1.1/work-dir/000004/000000_cineca-ai/work/sources/pytorch/aten/src/ATen/native/transformers/attention.cpp:150.)
  return torch._transformer_encoder_layer_fwd(
/leonardo/prod/opt/libraries/cineca-ai/4.1.1/none/cineca-ai-env/lib/python3.11/site-packages/torch/nn/modules/transformer.py:562: UserWarning: Converting mask without torch.bool dtype to bool; this will negatively affect performance. Prefer to use a boolean mask directly. (Triggered internally at /leonardo/prod/build/libraries/cineca-ai/4.1.1/none/BA_WORK/cineca-ai-4.1.1/work-dir/000004/000000_cineca-ai/work/sources/pytorch/aten/src/ATen/native/transformers/attention.cpp:150.)
  return torch._transformer_encoder_layer_fwd(
/leonardo/prod/opt/libraries/cineca-ai/4.1.1/none/cineca-ai-env/lib/python3.11/site-packages/torch/nn/modules/transformer.py:562: UserWarning: Converting mask without torch.bool dtype to bool; this will negatively affect performance. Prefer to use a boolean mask directly. (Triggered internally at /leonardo/prod/build/libraries/cineca-ai/4.1.1/none/BA_WORK/cineca-ai-4.1.1/work-dir/000004/000000_cineca-ai/work/sources/pytorch/aten/src/ATen/native/transformers/attention.cpp:150.)
  return torch._transformer_encoder_layer_fwd(
/leonardo/prod/opt/libraries/cineca-ai/4.1.1/none/cineca-ai-env/lib/python3.11/site-packages/torch/nn/modules/transformer.py:562: UserWarning: Converting mask without torch.bool dtype to bool; this will negatively affect performance. Prefer to use a boolean mask directly. (Triggered internally at /leonardo/prod/build/libraries/cineca-ai/4.1.1/none/BA_WORK/cineca-ai-4.1.1/work-dir/000004/000000_cineca-ai/work/sources/pytorch/aten/src/ATen/native/transformers/attention.cpp:150.)
  return torch._transformer_encoder_layer_fwd(
/leonardo/prod/opt/libraries/cineca-ai/4.1.1/none/cineca-ai-env/lib/python3.11/site-packages/torch/nn/modules/transformer.py:562: UserWarning: Converting mask without torch.bool dtype to bool; this will negatively affect performance. Prefer to use a boolean mask directly. (Triggered internally at /leonardo/prod/build/libraries/cineca-ai/4.1.1/none/BA_WORK/cineca-ai-4.1.1/work-dir/000004/000000_cineca-ai/work/sources/pytorch/aten/src/ATen/native/transformers/attention.cpp:150.)
  return torch._transformer_encoder_layer_fwd(
/leonardo/prod/opt/libraries/cineca-ai/4.1.1/none/cineca-ai-env/lib/python3.11/site-packages/torch/nn/modules/transformer.py:562: UserWarning: Converting mask without torch.bool dtype to bool; this will negatively affect performance. Prefer to use a boolean mask directly. (Triggered internally at /leonardo/prod/build/libraries/cineca-ai/4.1.1/none/BA_WORK/cineca-ai-4.1.1/work-dir/000004/000000_cineca-ai/work/sources/pytorch/aten/src/ATen/native/transformers/attention.cpp:150.)
  return torch._transformer_encoder_layer_fwd(
/leonardo/prod/opt/libraries/cineca-ai/4.1.1/none/cineca-ai-env/lib/python3.11/site-packages/torch/nn/modules/transformer.py:562: UserWarning: Converting mask without torch.bool dtype to bool; this will negatively affect performance. Prefer to use a boolean mask directly. (Triggered internally at /leonardo/prod/build/libraries/cineca-ai/4.1.1/none/BA_WORK/cineca-ai-4.1.1/work-dir/000004/000000_cineca-ai/work/sources/pytorch/aten/src/ATen/native/transformers/attention.cpp:150.)
  return torch._transformer_encoder_layer_fwd(
/leonardo/prod/opt/libraries/cineca-ai/4.1.1/none/cineca-ai-env/lib/python3.11/site-packages/torch/nn/modules/transformer.py:562: UserWarning: Converting mask without torch.bool dtype to bool; this will negatively affect performance. Prefer to use a boolean mask directly. (Triggered internally at /leonardo/prod/build/libraries/cineca-ai/4.1.1/none/BA_WORK/cineca-ai-4.1.1/work-dir/000004/000000_cineca-ai/work/sources/pytorch/aten/src/ATen/native/transformers/attention.cpp:150.)
  return torch._transformer_encoder_layer_fwd(
/leonardo/prod/opt/libraries/cineca-ai/4.1.1/none/cineca-ai-env/lib/python3.11/site-packages/torch/nn/modules/transformer.py:562: UserWarning: Converting mask without torch.bool dtype to bool; this will negatively affect performance. Prefer to use a boolean mask directly. (Triggered internally at /leonardo/prod/build/libraries/cineca-ai/4.1.1/none/BA_WORK/cineca-ai-4.1.1/work-dir/000004/000000_cineca-ai/work/sources/pytorch/aten/src/ATen/native/transformers/attention.cpp:150.)
  return torch._transformer_encoder_layer_fwd(
/leonardo/prod/opt/libraries/cineca-ai/4.1.1/none/cineca-ai-env/lib/python3.11/site-packages/torch/nn/modules/transformer.py:562: UserWarning: Converting mask without torch.bool dtype to bool; this will negatively affect performance. Prefer to use a boolean mask directly. (Triggered internally at /leonardo/prod/build/libraries/cineca-ai/4.1.1/none/BA_WORK/cineca-ai-4.1.1/work-dir/000004/000000_cineca-ai/work/sources/pytorch/aten/src/ATen/native/transformers/attention.cpp:150.)
  return torch._transformer_encoder_layer_fwd(
/leonardo/prod/opt/libraries/cineca-ai/4.1.1/none/cineca-ai-env/lib/python3.11/site-packages/torch/nn/modules/transformer.py:562: UserWarning: Converting mask without torch.bool dtype to bool; this will negatively affect performance. Prefer to use a boolean mask directly. (Triggered internally at /leonardo/prod/build/libraries/cineca-ai/4.1.1/none/BA_WORK/cineca-ai-4.1.1/work-dir/000004/000000_cineca-ai/work/sources/pytorch/aten/src/ATen/native/transformers/attention.cpp:150.)
  return torch._transformer_encoder_layer_fwd(
/leonardo/prod/opt/libraries/cineca-ai/4.1.1/none/cineca-ai-env/lib/python3.11/site-packages/torch/nn/modules/transformer.py:562: UserWarning: Converting mask without torch.bool dtype to bool; this will negatively affect performance. Prefer to use a boolean mask directly. (Triggered internally at /leonardo/prod/build/libraries/cineca-ai/4.1.1/none/BA_WORK/cineca-ai-4.1.1/work-dir/000004/000000_cineca-ai/work/sources/pytorch/aten/src/ATen/native/transformers/attention.cpp:150.)
  return torch._transformer_encoder_layer_fwd(
/leonardo/prod/opt/libraries/cineca-ai/4.1.1/none/cineca-ai-env/lib/python3.11/site-packages/torch/nn/modules/transformer.py:562: UserWarning: Converting mask without torch.bool dtype to bool; this will negatively affect performance. Prefer to use a boolean mask directly. (Triggered internally at /leonardo/prod/build/libraries/cineca-ai/4.1.1/none/BA_WORK/cineca-ai-4.1.1/work-dir/000004/000000_cineca-ai/work/sources/pytorch/aten/src/ATen/native/transformers/attention.cpp:150.)
  return torch._transformer_encoder_layer_fwd(
/leonardo/prod/opt/libraries/cineca-ai/4.1.1/none/cineca-ai-env/lib/python3.11/site-packages/torch/nn/modules/transformer.py:562: UserWarning: Converting mask without torch.bool dtype to bool; this will negatively affect performance. Prefer to use a boolean mask directly. (Triggered internally at /leonardo/prod/build/libraries/cineca-ai/4.1.1/none/BA_WORK/cineca-ai-4.1.1/work-dir/000004/000000_cineca-ai/work/sources/pytorch/aten/src/ATen/native/transformers/attention.cpp:150.)
  return torch._transformer_encoder_layer_fwd(
/leonardo/prod/opt/libraries/cineca-ai/4.1.1/none/cineca-ai-env/lib/python3.11/site-packages/torch/nn/modules/transformer.py:562: UserWarning: Converting mask without torch.bool dtype to bool; this will negatively affect performance. Prefer to use a boolean mask directly. (Triggered internally at /leonardo/prod/build/libraries/cineca-ai/4.1.1/none/BA_WORK/cineca-ai-4.1.1/work-dir/000004/000000_cineca-ai/work/sources/pytorch/aten/src/ATen/native/transformers/attention.cpp:150.)
  return torch._transformer_encoder_layer_fwd(
/leonardo/prod/opt/libraries/cineca-ai/4.1.1/none/cineca-ai-env/lib/python3.11/site-packages/torch/nn/modules/transformer.py:562: UserWarning: Converting mask without torch.bool dtype to bool; this will negatively affect performance. Prefer to use a boolean mask directly. (Triggered internally at /leonardo/prod/build/libraries/cineca-ai/4.1.1/none/BA_WORK/cineca-ai-4.1.1/work-dir/000004/000000_cineca-ai/work/sources/pytorch/aten/src/ATen/native/transformers/attention.cpp:150.)
  return torch._transformer_encoder_layer_fwd(
/leonardo/prod/opt/libraries/cineca-ai/4.1.1/none/cineca-ai-env/lib/python3.11/site-packages/torch/nn/modules/transformer.py:562: UserWarning: Converting mask without torch.bool dtype to bool; this will negatively affect performance. Prefer to use a boolean mask directly. (Triggered internally at /leonardo/prod/build/libraries/cineca-ai/4.1.1/none/BA_WORK/cineca-ai-4.1.1/work-dir/000004/000000_cineca-ai/work/sources/pytorch/aten/src/ATen/native/transformers/attention.cpp:150.)
  return torch._transformer_encoder_layer_fwd(
/leonardo/prod/opt/libraries/cineca-ai/4.1.1/none/cineca-ai-env/lib/python3.11/site-packages/torch/nn/modules/transformer.py:562: UserWarning: Converting mask without torch.bool dtype to bool; this will negatively affect performance. Prefer to use a boolean mask directly. (Triggered internally at /leonardo/prod/build/libraries/cineca-ai/4.1.1/none/BA_WORK/cineca-ai-4.1.1/work-dir/000004/000000_cineca-ai/work/sources/pytorch/aten/src/ATen/native/transformers/attention.cpp:150.)
  return torch._transformer_encoder_layer_fwd(
/leonardo/prod/opt/libraries/cineca-ai/4.1.1/none/cineca-ai-env/lib/python3.11/site-packages/torch/nn/modules/transformer.py:562: UserWarning: Converting mask without torch.bool dtype to bool; this will negatively affect performance. Prefer to use a boolean mask directly. (Triggered internally at /leonardo/prod/build/libraries/cineca-ai/4.1.1/none/BA_WORK/cineca-ai-4.1.1/work-dir/000004/000000_cineca-ai/work/sources/pytorch/aten/src/ATen/native/transformers/attention.cpp:150.)
  return torch._transformer_encoder_layer_fwd(
/leonardo/prod/opt/libraries/cineca-ai/4.1.1/none/cineca-ai-env/lib/python3.11/site-packages/torch/nn/modules/transformer.py:562: UserWarning: Converting mask without torch.bool dtype to bool; this will negatively affect performance. Prefer to use a boolean mask directly. (Triggered internally at /leonardo/prod/build/libraries/cineca-ai/4.1.1/none/BA_WORK/cineca-ai-4.1.1/work-dir/000004/000000_cineca-ai/work/sources/pytorch/aten/src/ATen/native/transformers/attention.cpp:150.)
  return torch._transformer_encoder_layer_fwd(
/leonardo/prod/opt/libraries/cineca-ai/4.1.1/none/cineca-ai-env/lib/python3.11/site-packages/torch/nn/modules/transformer.py:562: UserWarning: Converting mask without torch.bool dtype to bool; this will negatively affect performance. Prefer to use a boolean mask directly. (Triggered internally at /leonardo/prod/build/libraries/cineca-ai/4.1.1/none/BA_WORK/cineca-ai-4.1.1/work-dir/000004/000000_cineca-ai/work/sources/pytorch/aten/src/ATen/native/transformers/attention.cpp:150.)
  return torch._transformer_encoder_layer_fwd(
/leonardo/prod/opt/libraries/cineca-ai/4.1.1/none/cineca-ai-env/lib/python3.11/site-packages/torch/nn/modules/transformer.py:562: UserWarning: Converting mask without torch.bool dtype to bool; this will negatively affect performance. Prefer to use a boolean mask directly. (Triggered internally at /leonardo/prod/build/libraries/cineca-ai/4.1.1/none/BA_WORK/cineca-ai-4.1.1/work-dir/000004/000000_cineca-ai/work/sources/pytorch/aten/src/ATen/native/transformers/attention.cpp:150.)
  return torch._transformer_encoder_layer_fwd(
/leonardo/prod/opt/libraries/cineca-ai/4.1.1/none/cineca-ai-env/lib/python3.11/site-packages/torch/nn/modules/transformer.py:562: UserWarning: Converting mask without torch.bool dtype to bool; this will negatively affect performance. Prefer to use a boolean mask directly. (Triggered internally at /leonardo/prod/build/libraries/cineca-ai/4.1.1/none/BA_WORK/cineca-ai-4.1.1/work-dir/000004/000000_cineca-ai/work/sources/pytorch/aten/src/ATen/native/transformers/attention.cpp:150.)
  return torch._transformer_encoder_layer_fwd(
/leonardo/prod/opt/libraries/cineca-ai/4.1.1/none/cineca-ai-env/lib/python3.11/site-packages/torch/nn/modules/transformer.py:562: UserWarning: Converting mask without torch.bool dtype to bool; this will negatively affect performance. Prefer to use a boolean mask directly. (Triggered internally at /leonardo/prod/build/libraries/cineca-ai/4.1.1/none/BA_WORK/cineca-ai-4.1.1/work-dir/000004/000000_cineca-ai/work/sources/pytorch/aten/src/ATen/native/transformers/attention.cpp:150.)
  return torch._transformer_encoder_layer_fwd(
/leonardo/prod/opt/libraries/cineca-ai/4.1.1/none/cineca-ai-env/lib/python3.11/site-packages/torch/nn/modules/transformer.py:562: UserWarning: Converting mask without torch.bool dtype to bool; this will negatively affect performance. Prefer to use a boolean mask directly. (Triggered internally at /leonardo/prod/build/libraries/cineca-ai/4.1.1/none/BA_WORK/cineca-ai-4.1.1/work-dir/000004/000000_cineca-ai/work/sources/pytorch/aten/src/ATen/native/transformers/attention.cpp:150.)
  return torch._transformer_encoder_layer_fwd(
/leonardo/prod/opt/libraries/cineca-ai/4.1.1/none/cineca-ai-env/lib/python3.11/site-packages/torch/nn/modules/transformer.py:562: UserWarning: Converting mask without torch.bool dtype to bool; this will negatively affect performance. Prefer to use a boolean mask directly. (Triggered internally at /leonardo/prod/build/libraries/cineca-ai/4.1.1/none/BA_WORK/cineca-ai-4.1.1/work-dir/000004/000000_cineca-ai/work/sources/pytorch/aten/src/ATen/native/transformers/attention.cpp:150.)
  return torch._transformer_encoder_layer_fwd(
/leonardo/prod/opt/libraries/cineca-ai/4.1.1/none/cineca-ai-env/lib/python3.11/site-packages/torch/nn/modules/transformer.py:562: UserWarning: Converting mask without torch.bool dtype to bool; this will negatively affect performance. Prefer to use a boolean mask directly. (Triggered internally at /leonardo/prod/build/libraries/cineca-ai/4.1.1/none/BA_WORK/cineca-ai-4.1.1/work-dir/000004/000000_cineca-ai/work/sources/pytorch/aten/src/ATen/native/transformers/attention.cpp:150.)
  return torch._transformer_encoder_layer_fwd(
/leonardo/prod/opt/libraries/cineca-ai/4.1.1/none/cineca-ai-env/lib/python3.11/site-packages/torch/nn/modules/transformer.py:562: UserWarning: Converting mask without torch.bool dtype to bool; this will negatively affect performance. Prefer to use a boolean mask directly. (Triggered internally at /leonardo/prod/build/libraries/cineca-ai/4.1.1/none/BA_WORK/cineca-ai-4.1.1/work-dir/000004/000000_cineca-ai/work/sources/pytorch/aten/src/ATen/native/transformers/attention.cpp:150.)
  return torch._transformer_encoder_layer_fwd(
/leonardo/prod/opt/libraries/cineca-ai/4.1.1/none/cineca-ai-env/lib/python3.11/site-packages/torch/nn/modules/transformer.py:562: UserWarning: Converting mask without torch.bool dtype to bool; this will negatively affect performance. Prefer to use a boolean mask directly. (Triggered internally at /leonardo/prod/build/libraries/cineca-ai/4.1.1/none/BA_WORK/cineca-ai-4.1.1/work-dir/000004/000000_cineca-ai/work/sources/pytorch/aten/src/ATen/native/transformers/attention.cpp:150.)
  return torch._transformer_encoder_layer_fwd(
/leonardo/prod/opt/libraries/cineca-ai/4.1.1/none/cineca-ai-env/lib/python3.11/site-packages/torch/nn/modules/transformer.py:562: UserWarning: Converting mask without torch.bool dtype to bool; this will negatively affect performance. Prefer to use a boolean mask directly. (Triggered internally at /leonardo/prod/build/libraries/cineca-ai/4.1.1/none/BA_WORK/cineca-ai-4.1.1/work-dir/000004/000000_cineca-ai/work/sources/pytorch/aten/src/ATen/native/transformers/attention.cpp:150.)
  return torch._transformer_encoder_layer_fwd(
/leonardo/prod/opt/libraries/cineca-ai/4.1.1/none/cineca-ai-env/lib/python3.11/site-packages/torch/nn/modules/transformer.py:562: UserWarning: Converting mask without torch.bool dtype to bool; this will negatively affect performance. Prefer to use a boolean mask directly. (Triggered internally at /leonardo/prod/build/libraries/cineca-ai/4.1.1/none/BA_WORK/cineca-ai-4.1.1/work-dir/000004/000000_cineca-ai/work/sources/pytorch/aten/src/ATen/native/transformers/attention.cpp:150.)
  return torch._transformer_encoder_layer_fwd(
/leonardo/prod/opt/libraries/cineca-ai/4.1.1/none/cineca-ai-env/lib/python3.11/site-packages/torch/nn/modules/transformer.py:562: UserWarning: Converting mask without torch.bool dtype to bool; this will negatively affect performance. Prefer to use a boolean mask directly. (Triggered internally at /leonardo/prod/build/libraries/cineca-ai/4.1.1/none/BA_WORK/cineca-ai-4.1.1/work-dir/000004/000000_cineca-ai/work/sources/pytorch/aten/src/ATen/native/transformers/attention.cpp:150.)
  return torch._transformer_encoder_layer_fwd(
/leonardo/prod/opt/libraries/cineca-ai/4.1.1/none/cineca-ai-env/lib/python3.11/site-packages/torch/nn/modules/transformer.py:562: UserWarning: Converting mask without torch.bool dtype to bool; this will negatively affect performance. Prefer to use a boolean mask directly. (Triggered internally at /leonardo/prod/build/libraries/cineca-ai/4.1.1/none/BA_WORK/cineca-ai-4.1.1/work-dir/000004/000000_cineca-ai/work/sources/pytorch/aten/src/ATen/native/transformers/attention.cpp:150.)
  return torch._transformer_encoder_layer_fwd(
/leonardo/prod/opt/libraries/cineca-ai/4.1.1/none/cineca-ai-env/lib/python3.11/site-packages/torch/nn/modules/transformer.py:562: UserWarning: Converting mask without torch.bool dtype to bool; this will negatively affect performance. Prefer to use a boolean mask directly. (Triggered internally at /leonardo/prod/build/libraries/cineca-ai/4.1.1/none/BA_WORK/cineca-ai-4.1.1/work-dir/000004/000000_cineca-ai/work/sources/pytorch/aten/src/ATen/native/transformers/attention.cpp:150.)
  return torch._transformer_encoder_layer_fwd(
/leonardo/prod/opt/libraries/cineca-ai/4.1.1/none/cineca-ai-env/lib/python3.11/site-packages/torch/nn/modules/transformer.py:562: UserWarning: Converting mask without torch.bool dtype to bool; this will negatively affect performance. Prefer to use a boolean mask directly. (Triggered internally at /leonardo/prod/build/libraries/cineca-ai/4.1.1/none/BA_WORK/cineca-ai-4.1.1/work-dir/000004/000000_cineca-ai/work/sources/pytorch/aten/src/ATen/native/transformers/attention.cpp:150.)
  return torch._transformer_encoder_layer_fwd(
/leonardo/prod/opt/libraries/cineca-ai/4.1.1/none/cineca-ai-env/lib/python3.11/site-packages/torch/nn/modules/transformer.py:562: UserWarning: Converting mask without torch.bool dtype to bool; this will negatively affect performance. Prefer to use a boolean mask directly. (Triggered internally at /leonardo/prod/build/libraries/cineca-ai/4.1.1/none/BA_WORK/cineca-ai-4.1.1/work-dir/000004/000000_cineca-ai/work/sources/pytorch/aten/src/ATen/native/transformers/attention.cpp:150.)
  return torch._transformer_encoder_layer_fwd(
/leonardo/prod/opt/libraries/cineca-ai/4.1.1/none/cineca-ai-env/lib/python3.11/site-packages/torch/nn/modules/transformer.py:562: UserWarning: Converting mask without torch.bool dtype to bool; this will negatively affect performance. Prefer to use a boolean mask directly. (Triggered internally at /leonardo/prod/build/libraries/cineca-ai/4.1.1/none/BA_WORK/cineca-ai-4.1.1/work-dir/000004/000000_cineca-ai/work/sources/pytorch/aten/src/ATen/native/transformers/attention.cpp:150.)
  return torch._transformer_encoder_layer_fwd(
/leonardo/prod/opt/libraries/cineca-ai/4.1.1/none/cineca-ai-env/lib/python3.11/site-packages/torch/nn/modules/transformer.py:562: UserWarning: Converting mask without torch.bool dtype to bool; this will negatively affect performance. Prefer to use a boolean mask directly. (Triggered internally at /leonardo/prod/build/libraries/cineca-ai/4.1.1/none/BA_WORK/cineca-ai-4.1.1/work-dir/000004/000000_cineca-ai/work/sources/pytorch/aten/src/ATen/native/transformers/attention.cpp:150.)
  return torch._transformer_encoder_layer_fwd(
/leonardo/prod/opt/libraries/cineca-ai/4.1.1/none/cineca-ai-env/lib/python3.11/site-packages/torch/nn/modules/transformer.py:562: UserWarning: Converting mask without torch.bool dtype to bool; this will negatively affect performance. Prefer to use a boolean mask directly. (Triggered internally at /leonardo/prod/build/libraries/cineca-ai/4.1.1/none/BA_WORK/cineca-ai-4.1.1/work-dir/000004/000000_cineca-ai/work/sources/pytorch/aten/src/ATen/native/transformers/attention.cpp:150.)
  return torch._transformer_encoder_layer_fwd(
/leonardo/prod/opt/libraries/cineca-ai/4.1.1/none/cineca-ai-env/lib/python3.11/site-packages/torch/nn/modules/transformer.py:562: UserWarning: Converting mask without torch.bool dtype to bool; this will negatively affect performance. Prefer to use a boolean mask directly. (Triggered internally at /leonardo/prod/build/libraries/cineca-ai/4.1.1/none/BA_WORK/cineca-ai-4.1.1/work-dir/000004/000000_cineca-ai/work/sources/pytorch/aten/src/ATen/native/transformers/attention.cpp:150.)
  return torch._transformer_encoder_layer_fwd(
/leonardo/prod/opt/libraries/cineca-ai/4.1.1/none/cineca-ai-env/lib/python3.11/site-packages/torch/nn/modules/transformer.py:562: UserWarning: Converting mask without torch.bool dtype to bool; this will negatively affect performance. Prefer to use a boolean mask directly. (Triggered internally at /leonardo/prod/build/libraries/cineca-ai/4.1.1/none/BA_WORK/cineca-ai-4.1.1/work-dir/000004/000000_cineca-ai/work/sources/pytorch/aten/src/ATen/native/transformers/attention.cpp:150.)
  return torch._transformer_encoder_layer_fwd(
/leonardo/prod/opt/libraries/cineca-ai/4.1.1/none/cineca-ai-env/lib/python3.11/site-packages/torch/nn/modules/transformer.py:562: UserWarning: Converting mask without torch.bool dtype to bool; this will negatively affect performance. Prefer to use a boolean mask directly. (Triggered internally at /leonardo/prod/build/libraries/cineca-ai/4.1.1/none/BA_WORK/cineca-ai-4.1.1/work-dir/000004/000000_cineca-ai/work/sources/pytorch/aten/src/ATen/native/transformers/attention.cpp:150.)
  return torch._transformer_encoder_layer_fwd(
/leonardo/prod/opt/libraries/cineca-ai/4.1.1/none/cineca-ai-env/lib/python3.11/site-packages/torch/nn/modules/transformer.py:562: UserWarning: Converting mask without torch.bool dtype to bool; this will negatively affect performance. Prefer to use a boolean mask directly. (Triggered internally at /leonardo/prod/build/libraries/cineca-ai/4.1.1/none/BA_WORK/cineca-ai-4.1.1/work-dir/000004/000000_cineca-ai/work/sources/pytorch/aten/src/ATen/native/transformers/attention.cpp:150.)
  return torch._transformer_encoder_layer_fwd(
/leonardo/prod/opt/libraries/cineca-ai/4.1.1/none/cineca-ai-env/lib/python3.11/site-packages/torch/nn/modules/transformer.py:562: UserWarning: Converting mask without torch.bool dtype to bool; this will negatively affect performance. Prefer to use a boolean mask directly. (Triggered internally at /leonardo/prod/build/libraries/cineca-ai/4.1.1/none/BA_WORK/cineca-ai-4.1.1/work-dir/000004/000000_cineca-ai/work/sources/pytorch/aten/src/ATen/native/transformers/attention.cpp:150.)
  return torch._transformer_encoder_layer_fwd(
/leonardo/prod/opt/libraries/cineca-ai/4.1.1/none/cineca-ai-env/lib/python3.11/site-packages/torch/nn/modules/transformer.py:562: UserWarning: Converting mask without torch.bool dtype to bool; this will negatively affect performance. Prefer to use a boolean mask directly. (Triggered internally at /leonardo/prod/build/libraries/cineca-ai/4.1.1/none/BA_WORK/cineca-ai-4.1.1/work-dir/000004/000000_cineca-ai/work/sources/pytorch/aten/src/ATen/native/transformers/attention.cpp:150.)
  return torch._transformer_encoder_layer_fwd(
/leonardo/prod/opt/libraries/cineca-ai/4.1.1/none/cineca-ai-env/lib/python3.11/site-packages/torch/nn/modules/transformer.py:562: UserWarning: Converting mask without torch.bool dtype to bool; this will negatively affect performance. Prefer to use a boolean mask directly. (Triggered internally at /leonardo/prod/build/libraries/cineca-ai/4.1.1/none/BA_WORK/cineca-ai-4.1.1/work-dir/000004/000000_cineca-ai/work/sources/pytorch/aten/src/ATen/native/transformers/attention.cpp:150.)
  return torch._transformer_encoder_layer_fwd(
/leonardo/prod/opt/libraries/cineca-ai/4.1.1/none/cineca-ai-env/lib/python3.11/site-packages/torch/nn/modules/transformer.py:562: UserWarning: Converting mask without torch.bool dtype to bool; this will negatively affect performance. Prefer to use a boolean mask directly. (Triggered internally at /leonardo/prod/build/libraries/cineca-ai/4.1.1/none/BA_WORK/cineca-ai-4.1.1/work-dir/000004/000000_cineca-ai/work/sources/pytorch/aten/src/ATen/native/transformers/attention.cpp:150.)
  return torch._transformer_encoder_layer_fwd(
/leonardo/prod/opt/libraries/cineca-ai/4.1.1/none/cineca-ai-env/lib/python3.11/site-packages/torch/nn/modules/transformer.py:562: UserWarning: Converting mask without torch.bool dtype to bool; this will negatively affect performance. Prefer to use a boolean mask directly. (Triggered internally at /leonardo/prod/build/libraries/cineca-ai/4.1.1/none/BA_WORK/cineca-ai-4.1.1/work-dir/000004/000000_cineca-ai/work/sources/pytorch/aten/src/ATen/native/transformers/attention.cpp:150.)
  return torch._transformer_encoder_layer_fwd(
/leonardo/prod/opt/libraries/cineca-ai/4.1.1/none/cineca-ai-env/lib/python3.11/site-packages/torch/nn/modules/transformer.py:562: UserWarning: Converting mask without torch.bool dtype to bool; this will negatively affect performance. Prefer to use a boolean mask directly. (Triggered internally at /leonardo/prod/build/libraries/cineca-ai/4.1.1/none/BA_WORK/cineca-ai-4.1.1/work-dir/000004/000000_cineca-ai/work/sources/pytorch/aten/src/ATen/native/transformers/attention.cpp:150.)
  return torch._transformer_encoder_layer_fwd(
/leonardo/prod/opt/libraries/cineca-ai/4.1.1/none/cineca-ai-env/lib/python3.11/site-packages/torch/nn/modules/transformer.py:562: UserWarning: Converting mask without torch.bool dtype to bool; this will negatively affect performance. Prefer to use a boolean mask directly. (Triggered internally at /leonardo/prod/build/libraries/cineca-ai/4.1.1/none/BA_WORK/cineca-ai-4.1.1/work-dir/000004/000000_cineca-ai/work/sources/pytorch/aten/src/ATen/native/transformers/attention.cpp:150.)
  return torch._transformer_encoder_layer_fwd(
/leonardo/prod/opt/libraries/cineca-ai/4.1.1/none/cineca-ai-env/lib/python3.11/site-packages/torch/nn/modules/transformer.py:562: UserWarning: Converting mask without torch.bool dtype to bool; this will negatively affect performance. Prefer to use a boolean mask directly. (Triggered internally at /leonardo/prod/build/libraries/cineca-ai/4.1.1/none/BA_WORK/cineca-ai-4.1.1/work-dir/000004/000000_cineca-ai/work/sources/pytorch/aten/src/ATen/native/transformers/attention.cpp:150.)
  return torch._transformer_encoder_layer_fwd(
/leonardo/prod/opt/libraries/cineca-ai/4.1.1/none/cineca-ai-env/lib/python3.11/site-packages/torch/nn/modules/transformer.py:562: UserWarning: Converting mask without torch.bool dtype to bool; this will negatively affect performance. Prefer to use a boolean mask directly. (Triggered internally at /leonardo/prod/build/libraries/cineca-ai/4.1.1/none/BA_WORK/cineca-ai-4.1.1/work-dir/000004/000000_cineca-ai/work/sources/pytorch/aten/src/ATen/native/transformers/attention.cpp:150.)
  return torch._transformer_encoder_layer_fwd(
/leonardo/prod/opt/libraries/cineca-ai/4.1.1/none/cineca-ai-env/lib/python3.11/site-packages/torch/nn/modules/transformer.py:562: UserWarning: Converting mask without torch.bool dtype to bool; this will negatively affect performance. Prefer to use a boolean mask directly. (Triggered internally at /leonardo/prod/build/libraries/cineca-ai/4.1.1/none/BA_WORK/cineca-ai-4.1.1/work-dir/000004/000000_cineca-ai/work/sources/pytorch/aten/src/ATen/native/transformers/attention.cpp:150.)
  return torch._transformer_encoder_layer_fwd(
  val PPL 15.79
step 522000 loss 2.366 lr 1.02e-05 132K tok/s
srun: Job step aborted: Waiting up to 122 seconds for job step to finish.
slurmstepd: error: *** STEP 51809238.1 ON lrdn0580 CANCELLED AT 2026-08-11T11:41:35 ***
