Warning: You are sending unauthenticated requests to the HF Hub. Please set a HF_TOKEN to enable higher rate limits and faster downloads.
[setup] 600 study records; case_ids 5000..5599
Loading weights:   0%|          | 0/580 [00:00<?, ?it/s]Loading weights: 100%|██████████| 580/580 [00:00<00:00, 7381.11it/s]
[setup] editor=BASE no edit; pre-edit reference metrics
[BASE 1/600] case 5000 eff_am=0 eff_pr=0 para_pr=0.00 neigh=1.00 t=0.0s dev=0.00e+00
[BASE 2/600] case 5001 eff_am=0 eff_pr=0 para_pr=1.00 neigh=0.70 t=0.0s dev=0.00e+00
[BASE 3/600] case 5002 eff_am=0 eff_pr=0 para_pr=0.00 neigh=1.00 t=0.0s dev=0.00e+00
[BASE 4/600] case 5003 eff_am=0 eff_pr=0 para_pr=0.00 neigh=1.00 t=0.0s dev=0.00e+00
[BASE 5/600] case 5004 eff_am=0 eff_pr=0 para_pr=0.00 neigh=1.00 t=0.0s dev=0.00e+00
[BASE 6/600] case 5005 eff_am=0 eff_pr=0 para_pr=0.50 neigh=1.00 t=0.0s dev=0.00e+00
[BASE 7/600] case 5006 eff_am=0 eff_pr=0 para_pr=0.00 neigh=1.00 t=0.0s dev=0.00e+00
[BASE 8/600] case 5007 eff_am=0 eff_pr=0 para_pr=0.00 neigh=0.90 t=0.0s dev=0.00e+00
[BASE 9/600] case 5008 eff_am=0 eff_pr=0 para_pr=0.00 neigh=0.60 t=0.0s dev=0.00e+00
[BASE 10/600] case 5009 eff_am=0 eff_pr=1 para_pr=0.50 neigh=0.50 t=0.0s dev=0.00e+00
[BASE 11/600] case 5010 eff_am=0 eff_pr=0 para_pr=0.00 neigh=0.70 t=0.0s dev=0.00e+00
[BASE 12/600] case 5011 eff_am=0 eff_pr=0 para_pr=1.00 neigh=0.80 t=0.0s dev=0.00e+00
[BASE 13/600] case 5012 eff_am=0 eff_pr=0 para_pr=0.00 neigh=1.00 t=0.0s dev=0.00e+00
[BASE 14/600] case 5013 eff_am=0 eff_pr=0 para_pr=0.00 neigh=1.00 t=0.0s dev=0.00e+00
[BASE 15/600] case 5014 eff_am=0 eff_pr=0 para_pr=0.00 neigh=0.80 t=0.0s dev=0.00e+00
[BASE 16/600] case 5015 eff_am=0 eff_pr=0 para_pr=0.00 neigh=1.00 t=0.0s dev=0.00e+00
[BASE 17/600] case 5016 eff_am=0 eff_pr=1 para_pr=0.50 neigh=0.90 t=0.0s dev=0.00e+00
[BASE 18/600] case 5017 eff_am=0 eff_pr=0 para_pr=0.00 neigh=0.70 t=0.0s dev=0.00e+00
[BASE 19/600] case 5018 eff_am=0 eff_pr=1 para_pr=0.50 neigh=0.40 t=0.0s dev=0.00e+00
[BASE 20/600] case 5019 eff_am=0 eff_pr=0 para_pr=0.00 neigh=1.00 t=0.0s dev=0.00e+00
[BASE 21/600] case 5020 eff_am=0 eff_pr=0 para_pr=1.00 neigh=0.90 t=0.0s dev=0.00e+00
[BASE 22/600] case 5021 eff_am=0 eff_pr=1 para_pr=1.00 neigh=0.50 t=0.0s dev=0.00e+00
[BASE 23/600] case 5022 eff_am=0 eff_pr=0 para_pr=0.00 neigh=0.60 t=0.0s dev=0.00e+00
[BASE 24/600] case 5023 eff_am=0 eff_pr=1 para_pr=1.00 neigh=0.90 t=0.0s dev=0.00e+00
[BASE 25/600] case 5024 eff_am=0 eff_pr=0 para_pr=0.00 neigh=0.80 t=0.0s dev=0.00e+00
[BASE 26/600] case 5025 eff_am=0 eff_pr=0 para_pr=0.00 neigh=0.80 t=0.0s dev=0.00e+00
[BASE 27/600] case 5026 eff_am=0 eff_pr=0 para_pr=0.00 neigh=1.00 t=0.0s dev=0.00e+00
[BASE 28/600] case 5027 eff_am=0 eff_pr=0 para_pr=1.00 neigh=0.80 t=0.0s dev=0.00e+00
[BASE 29/600] case 5028 eff_am=0 eff_pr=0 para_pr=0.00 neigh=0.50 t=0.0s dev=0.00e+00
[BASE 30/600] case 5029 eff_am=0 eff_pr=0 para_pr=0.50 neigh=0.80 t=0.0s dev=0.00e+00
[BASE 31/600] case 5030 eff_am=0 eff_pr=1 para_pr=1.00 neigh=0.70 t=0.0s dev=0.00e+00
[BASE 32/600] case 5031 eff_am=0 eff_pr=1 para_pr=0.00 neigh=0.90 t=0.0s dev=0.00e+00
[BASE 33/600] case 5032 eff_am=0 eff_pr=0 para_pr=0.00 neigh=1.00 t=0.0s dev=0.00e+00
[BASE 34/600] case 5033 eff_am=0 eff_pr=0 para_pr=1.00 neigh=0.30 t=0.0s dev=0.00e+00
[BASE 35/600] case 5034 eff_am=0 eff_pr=1 para_pr=1.00 neigh=0.90 t=0.0s dev=0.00e+00
[BASE 36/600] case 5035 eff_am=0 eff_pr=0 para_pr=0.00 neigh=1.00 t=0.0s dev=0.00e+00
[BASE 37/600] case 5036 eff_am=0 eff_pr=0 para_pr=0.00 neigh=0.80 t=0.0s dev=0.00e+00
[BASE 38/600] case 5037 eff_am=0 eff_pr=1 para_pr=1.00 neigh=0.00 t=0.0s dev=0.00e+00
[BASE 39/600] case 5038 eff_am=0 eff_pr=0 para_pr=0.00 neigh=0.90 t=0.0s dev=0.00e+00
[BASE 40/600] case 5039 eff_am=0 eff_pr=0 para_pr=0.50 neigh=1.00 t=0.0s dev=0.00e+00
[BASE 41/600] case 5040 eff_am=0 eff_pr=0 para_pr=0.50 neigh=0.90 t=0.0s dev=0.00e+00
[BASE 42/600] case 5041 eff_am=0 eff_pr=0 para_pr=0.00 neigh=0.90 t=0.0s dev=0.00e+00
[BASE 43/600] case 5042 eff_am=0 eff_pr=0 para_pr=1.00 neigh=0.30 t=0.0s dev=0.00e+00
[BASE 44/600] case 5043 eff_am=0 eff_pr=1 para_pr=1.00 neigh=0.80 t=0.0s dev=0.00e+00
[BASE 45/600] case 5044 eff_am=0 eff_pr=0 para_pr=0.00 neigh=1.00 t=0.0s dev=0.00e+00
[BASE 46/600] case 5045 eff_am=0 eff_pr=0 para_pr=0.00 neigh=0.40 t=0.0s dev=0.00e+00
[BASE 47/600] case 5046 eff_am=0 eff_pr=0 para_pr=0.00 neigh=1.00 t=0.0s dev=0.00e+00
[BASE 48/600] case 5047 eff_am=0 eff_pr=0 para_pr=0.00 neigh=1.00 t=0.0s dev=0.00e+00
[BASE 49/600] case 5048 eff_am=0 eff_pr=1 para_pr=1.00 neigh=0.30 t=0.0s dev=0.00e+00
[BASE 50/600] case 5049 eff_am=0 eff_pr=0 para_pr=0.00 neigh=1.00 t=0.0s dev=0.00e+00
[BASE 51/600] case 5050 eff_am=1 eff_pr=1 para_pr=0.00 neigh=1.00 t=0.0s dev=0.00e+00
[BASE 52/600] case 5051 eff_am=0 eff_pr=0 para_pr=0.50 neigh=0.50 t=0.0s dev=0.00e+00
[BASE 53/600] case 5052 eff_am=0 eff_pr=0 para_pr=0.00 neigh=1.00 t=0.0s dev=0.00e+00
[BASE 54/600] case 5053 eff_am=0 eff_pr=0 para_pr=0.50 neigh=0.30 t=0.0s dev=0.00e+00
[BASE 55/600] case 5054 eff_am=0 eff_pr=0 para_pr=0.00 neigh=1.00 t=0.0s dev=0.00e+00
[BASE 56/600] case 5055 eff_am=0 eff_pr=0 para_pr=0.00 neigh=1.00 t=0.0s dev=0.00e+00
[BASE 57/600] case 5056 eff_am=0 eff_pr=1 para_pr=0.00 neigh=0.50 t=0.0s dev=0.00e+00
[BASE 58/600] case 5057 eff_am=0 eff_pr=0 para_pr=0.00 neigh=1.00 t=0.0s dev=0.00e+00
[BASE 59/600] case 5058 eff_am=0 eff_pr=0 para_pr=0.00 neigh=0.90 t=0.0s dev=0.00e+00
[BASE 60/600] case 5059 eff_am=0 eff_pr=0 para_pr=0.00 neigh=1.00 t=0.0s dev=0.00e+00
[BASE 61/600] case 5060 eff_am=0 eff_pr=1 para_pr=0.50 neigh=0.70 t=0.0s dev=0.00e+00
[BASE 62/600] case 5061 eff_am=0 eff_pr=0 para_pr=0.00 neigh=1.00 t=0.0s dev=0.00e+00
[BASE 63/600] case 5062 eff_am=0 eff_pr=0 para_pr=0.50 neigh=1.00 t=0.0s dev=0.00e+00
[BASE 64/600] case 5063 eff_am=0 eff_pr=0 para_pr=0.00 neigh=0.90 t=0.0s dev=0.00e+00
[BASE 65/600] case 5064 eff_am=0 eff_pr=1 para_pr=1.00 neigh=0.40 t=0.0s dev=0.00e+00
[BASE 66/600] case 5065 eff_am=0 eff_pr=0 para_pr=0.00 neigh=1.00 t=0.0s dev=0.00e+00
[BASE 67/600] case 5066 eff_am=0 eff_pr=0 para_pr=0.00 neigh=1.00 t=0.0s dev=0.00e+00
[BASE 68/600] case 5067 eff_am=0 eff_pr=1 para_pr=1.00 neigh=0.00 t=0.0s dev=0.00e+00
[BASE 69/600] case 5068 eff_am=0 eff_pr=0 para_pr=0.00 neigh=0.60 t=0.0s dev=0.00e+00
[BASE 70/600] case 5069 eff_am=0 eff_pr=0 para_pr=0.00 neigh=0.70 t=0.0s dev=0.00e+00
[BASE 71/600] case 5070 eff_am=0 eff_pr=0 para_pr=0.50 neigh=0.60 t=0.0s dev=0.00e+00
[BASE 72/600] case 5071 eff_am=0 eff_pr=0 para_pr=0.00 neigh=1.00 t=0.0s dev=0.00e+00
[BASE 73/600] case 5072 eff_am=0 eff_pr=0 para_pr=0.50 neigh=0.90 t=0.0s dev=0.00e+00
[BASE 74/600] case 5073 eff_am=0 eff_pr=1 para_pr=0.00 neigh=0.80 t=0.0s dev=0.00e+00
[BASE 75/600] case 5074 eff_am=0 eff_pr=1 para_pr=0.50 neigh=0.80 t=0.0s dev=0.00e+00
[BASE 76/600] case 5075 eff_am=0 eff_pr=1 para_pr=1.00 neigh=0.60 t=0.0s dev=0.00e+00
[BASE 77/600] case 5076 eff_am=0 eff_pr=1 para_pr=1.00 neigh=0.40 t=0.0s dev=0.00e+00
[BASE 78/600] case 5077 eff_am=0 eff_pr=0 para_pr=0.00 neigh=1.00 t=0.0s dev=0.00e+00
[BASE 79/600] case 5078 eff_am=0 eff_pr=1 para_pr=0.00 neigh=0.90 t=0.0s dev=0.00e+00
[BASE 80/600] case 5079 eff_am=0 eff_pr=1 para_pr=1.00 neigh=0.10 t=0.0s dev=0.00e+00
[BASE 81/600] case 5080 eff_am=0 eff_pr=0 para_pr=0.00 neigh=1.00 t=0.0s dev=0.00e+00
[BASE 82/600] case 5081 eff_am=0 eff_pr=0 para_pr=0.00 neigh=0.60 t=0.0s dev=0.00e+00
[BASE 83/600] case 5082 eff_am=0 eff_pr=0 para_pr=0.50 neigh=1.00 t=0.0s dev=0.00e+00
[BASE 84/600] case 5083 eff_am=0 eff_pr=0 para_pr=1.00 neigh=0.90 t=0.0s dev=0.00e+00
[BASE 85/600] case 5084 eff_am=0 eff_pr=1 para_pr=0.00 neigh=0.30 t=0.0s dev=0.00e+00
[BASE 86/600] case 5085 eff_am=0 eff_pr=0 para_pr=0.00 neigh=0.90 t=0.0s dev=0.00e+00
[BASE 87/600] case 5086 eff_am=0 eff_pr=1 para_pr=1.00 neigh=0.70 t=0.0s dev=0.00e+00
[BASE 88/600] case 5087 eff_am=0 eff_pr=0 para_pr=0.00 neigh=1.00 t=0.0s dev=0.00e+00
[BASE 89/600] case 5088 eff_am=0 eff_pr=0 para_pr=0.00 neigh=1.00 t=0.0s dev=0.00e+00
[BASE 90/600] case 5089 eff_am=0 eff_pr=0 para_pr=0.50 neigh=0.90 t=0.0s dev=0.00e+00
[BASE 91/600] case 5090 eff_am=0 eff_pr=0 para_pr=0.00 neigh=1.00 t=0.0s dev=0.00e+00
[BASE 92/600] case 5091 eff_am=0 eff_pr=1 para_pr=1.00 neigh=1.00 t=0.0s dev=0.00e+00
[BASE 93/600] case 5092 eff_am=0 eff_pr=0 para_pr=0.00 neigh=1.00 t=0.0s dev=0.00e+00
[BASE 94/600] case 5093 eff_am=0 eff_pr=0 para_pr=0.00 neigh=1.00 t=0.0s dev=0.00e+00
[BASE 95/600] case 5094 eff_am=0 eff_pr=1 para_pr=1.00 neigh=1.00 t=0.0s dev=0.00e+00
[BASE 96/600] case 5095 eff_am=0 eff_pr=0 para_pr=0.00 neigh=0.70 t=0.0s dev=0.00e+00
[BASE 97/600] case 5096 eff_am=0 eff_pr=0 para_pr=1.00 neigh=0.00 t=0.0s dev=0.00e+00
[BASE 98/600] case 5097 eff_am=0 eff_pr=0 para_pr=0.00 neigh=1.00 t=0.0s dev=0.00e+00
[BASE 99/600] case 5098 eff_am=0 eff_pr=0 para_pr=0.00 neigh=1.00 t=0.0s dev=0.00e+00
[BASE 100/600] case 5099 eff_am=0 eff_pr=1 para_pr=1.00 neigh=0.20 t=0.0s dev=0.00e+00
[BASE 101/600] case 5100 eff_am=0 eff_pr=1 para_pr=1.00 neigh=0.50 t=0.0s dev=0.00e+00
[BASE 102/600] case 5101 eff_am=0 eff_pr=0 para_pr=0.00 neigh=1.00 t=0.0s dev=0.00e+00
[BASE 103/600] case 5102 eff_am=0 eff_pr=0 para_pr=0.00 neigh=1.00 t=0.0s dev=0.00e+00
[BASE 104/600] case 5103 eff_am=0 eff_pr=0 para_pr=0.00 neigh=0.90 t=0.0s dev=0.00e+00
[BASE 105/600] case 5104 eff_am=0 eff_pr=0 para_pr=0.50 neigh=0.60 t=0.0s dev=0.00e+00
[BASE 106/600] case 5105 eff_am=0 eff_pr=0 para_pr=0.00 neigh=1.00 t=0.0s dev=0.00e+00
[BASE 107/600] case 5106 eff_am=0 eff_pr=1 para_pr=1.00 neigh=0.30 t=0.0s dev=0.00e+00
[BASE 108/600] case 5107 eff_am=0 eff_pr=0 para_pr=0.00 neigh=1.00 t=0.0s dev=0.00e+00
[BASE 109/600] case 5108 eff_am=0 eff_pr=1 para_pr=0.00 neigh=1.00 t=0.0s dev=0.00e+00
[BASE 110/600] case 5109 eff_am=0 eff_pr=1 para_pr=1.00 neigh=0.20 t=0.0s dev=0.00e+00
[BASE 111/600] case 5110 eff_am=0 eff_pr=1 para_pr=1.00 neigh=0.80 t=0.0s dev=0.00e+00
[BASE 112/600] case 5111 eff_am=0 eff_pr=0 para_pr=0.00 neigh=1.00 t=0.0s dev=0.00e+00
[BASE 113/600] case 5112 eff_am=0 eff_pr=1 para_pr=1.00 neigh=0.40 t=0.0s dev=0.00e+00
[BASE 114/600] case 5113 eff_am=0 eff_pr=0 para_pr=0.00 neigh=1.00 t=0.0s dev=0.00e+00
[BASE 115/600] case 5114 eff_am=0 eff_pr=0 para_pr=0.00 neigh=0.80 t=0.0s dev=0.00e+00
[BASE 116/600] case 5115 eff_am=0 eff_pr=0 para_pr=0.00 neigh=1.00 t=0.0s dev=0.00e+00
[BASE 117/600] case 5116 eff_am=0 eff_pr=0 para_pr=0.00 neigh=1.00 t=0.0s dev=0.00e+00
[BASE 118/600] case 5117 eff_am=0 eff_pr=0 para_pr=0.00 neigh=1.00 t=0.0s dev=0.00e+00
[BASE 119/600] case 5118 eff_am=0 eff_pr=0 para_pr=0.00 neigh=1.00 t=0.0s dev=0.00e+00
[BASE 120/600] case 5119 eff_am=0 eff_pr=0 para_pr=0.00 neigh=0.90 t=0.0s dev=0.00e+00
[BASE 121/600] case 5120 eff_am=0 eff_pr=0 para_pr=0.50 neigh=0.50 t=0.0s dev=0.00e+00
[BASE 122/600] case 5121 eff_am=0 eff_pr=0 para_pr=0.00 neigh=1.00 t=0.0s dev=0.00e+00
[BASE 123/600] case 5122 eff_am=0 eff_pr=0 para_pr=0.00 neigh=0.80 t=0.0s dev=0.00e+00
[BASE 124/600] case 5123 eff_am=0 eff_pr=1 para_pr=0.50 neigh=0.90 t=0.0s dev=0.00e+00
[BASE 125/600] case 5124 eff_am=0 eff_pr=0 para_pr=0.00 neigh=0.50 t=0.0s dev=0.00e+00
[BASE 126/600] case 5125 eff_am=0 eff_pr=1 para_pr=0.50 neigh=1.00 t=0.0s dev=0.00e+00
[BASE 127/600] case 5126 eff_am=0 eff_pr=0 para_pr=0.00 neigh=1.00 t=0.0s dev=0.00e+00
[BASE 128/600] case 5127 eff_am=0 eff_pr=0 para_pr=1.00 neigh=0.50 t=0.0s dev=0.00e+00
[BASE 129/600] case 5128 eff_am=0 eff_pr=1 para_pr=0.00 neigh=0.50 t=0.0s dev=0.00e+00
[BASE 130/600] case 5129 eff_am=0 eff_pr=0 para_pr=0.00 neigh=1.00 t=0.0s dev=0.00e+00
[BASE 131/600] case 5130 eff_am=0 eff_pr=0 para_pr=0.00 neigh=1.00 t=0.0s dev=0.00e+00
[BASE 132/600] case 5131 eff_am=0 eff_pr=0 para_pr=0.00 neigh=0.90 t=0.0s dev=0.00e+00
[BASE 133/600] case 5132 eff_am=0 eff_pr=0 para_pr=0.50 neigh=1.00 t=0.0s dev=0.00e+00
[BASE 134/600] case 5133 eff_am=0 eff_pr=0 para_pr=0.00 neigh=0.90 t=0.0s dev=0.00e+00
[BASE 135/600] case 5134 eff_am=0 eff_pr=0 para_pr=1.00 neigh=0.10 t=0.0s dev=0.00e+00
[BASE 136/600] case 5135 eff_am=0 eff_pr=0 para_pr=0.00 neigh=0.90 t=0.0s dev=0.00e+00
[BASE 137/600] case 5136 eff_am=0 eff_pr=0 para_pr=0.00 neigh=0.90 t=0.0s dev=0.00e+00
[BASE 138/600] case 5137 eff_am=0 eff_pr=0 para_pr=0.00 neigh=0.90 t=0.0s dev=0.00e+00
[BASE 139/600] case 5138 eff_am=0 eff_pr=0 para_pr=0.00 neigh=1.00 t=0.0s dev=0.00e+00
[BASE 140/600] case 5139 eff_am=0 eff_pr=0 para_pr=0.00 neigh=1.00 t=0.0s dev=0.00e+00
[BASE 141/600] case 5140 eff_am=0 eff_pr=0 para_pr=0.00 neigh=1.00 t=0.0s dev=0.00e+00
[BASE 142/600] case 5141 eff_am=0 eff_pr=0 para_pr=0.50 neigh=0.80 t=0.0s dev=0.00e+00
[BASE 143/600] case 5142 eff_am=0 eff_pr=1 para_pr=0.00 neigh=1.00 t=0.0s dev=0.00e+00
[BASE 144/600] case 5143 eff_am=0 eff_pr=0 para_pr=0.00 neigh=1.00 t=0.0s dev=0.00e+00
[BASE 145/600] case 5144 eff_am=0 eff_pr=0 para_pr=0.00 neigh=1.00 t=0.0s dev=0.00e+00
[BASE 146/600] case 5145 eff_am=0 eff_pr=1 para_pr=1.00 neigh=0.60 t=0.0s dev=0.00e+00
[BASE 147/600] case 5146 eff_am=0 eff_pr=1 para_pr=1.00 neigh=0.80 t=0.0s dev=0.00e+00
[BASE 148/600] case 5147 eff_am=0 eff_pr=1 para_pr=1.00 neigh=0.00 t=0.0s dev=0.00e+00
[BASE 149/600] case 5148 eff_am=0 eff_pr=0 para_pr=0.00 neigh=1.00 t=0.0s dev=0.00e+00
[BASE 150/600] case 5149 eff_am=0 eff_pr=0 para_pr=0.00 neigh=1.00 t=0.0s dev=0.00e+00
[BASE 151/600] case 5150 eff_am=0 eff_pr=1 para_pr=0.50 neigh=0.50 t=0.0s dev=0.00e+00
[BASE 152/600] case 5151 eff_am=0 eff_pr=0 para_pr=0.50 neigh=0.60 t=0.0s dev=0.00e+00
[BASE 153/600] case 5152 eff_am=0 eff_pr=0 para_pr=0.00 neigh=1.00 t=0.0s dev=0.00e+00
[BASE 154/600] case 5153 eff_am=0 eff_pr=0 para_pr=0.00 neigh=1.00 t=0.0s dev=0.00e+00
[BASE 155/600] case 5154 eff_am=0 eff_pr=0 para_pr=0.00 neigh=1.00 t=0.0s dev=0.00e+00
[BASE 156/600] case 5155 eff_am=0 eff_pr=1 para_pr=0.00 neigh=0.60 t=0.0s dev=0.00e+00
[BASE 157/600] case 5156 eff_am=0 eff_pr=0 para_pr=0.00 neigh=0.70 t=0.0s dev=0.00e+00
[BASE 158/600] case 5157 eff_am=0 eff_pr=0 para_pr=1.00 neigh=0.60 t=0.0s dev=0.00e+00
[BASE 159/600] case 5158 eff_am=0 eff_pr=0 para_pr=0.00 neigh=1.00 t=0.0s dev=0.00e+00
[BASE 160/600] case 5159 eff_am=0 eff_pr=1 para_pr=1.00 neigh=0.80 t=0.0s dev=0.00e+00
[BASE 161/600] case 5160 eff_am=0 eff_pr=1 para_pr=0.00 neigh=0.70 t=0.0s dev=0.00e+00
[BASE 162/600] case 5161 eff_am=0 eff_pr=0 para_pr=0.00 neigh=0.70 t=0.0s dev=0.00e+00
[BASE 163/600] case 5162 eff_am=0 eff_pr=0 para_pr=0.50 neigh=0.90 t=0.0s dev=0.00e+00
[BASE 164/600] case 5163 eff_am=0 eff_pr=0 para_pr=0.00 neigh=1.00 t=0.0s dev=0.00e+00
[BASE 165/600] case 5164 eff_am=0 eff_pr=1 para_pr=1.00 neigh=0.40 t=0.0s dev=0.00e+00
[BASE 166/600] case 5165 eff_am=0 eff_pr=0 para_pr=0.00 neigh=1.00 t=0.0s dev=0.00e+00
[BASE 167/600] case 5166 eff_am=0 eff_pr=1 para_pr=0.50 neigh=0.80 t=0.0s dev=0.00e+00
[BASE 168/600] case 5167 eff_am=0 eff_pr=1 para_pr=0.00 neigh=1.00 t=0.0s dev=0.00e+00
[BASE 169/600] case 5168 eff_am=0 eff_pr=0 para_pr=0.00 neigh=0.80 t=0.0s dev=0.00e+00
[BASE 170/600] case 5169 eff_am=0 eff_pr=1 para_pr=1.00 neigh=0.50 t=0.0s dev=0.00e+00
[BASE 171/600] case 5170 eff_am=0 eff_pr=0 para_pr=0.50 neigh=0.80 t=0.0s dev=0.00e+00
[BASE 172/600] case 5171 eff_am=0 eff_pr=0 para_pr=0.00 neigh=1.00 t=0.0s dev=0.00e+00
[BASE 173/600] case 5172 eff_am=0 eff_pr=0 para_pr=0.00 neigh=0.80 t=0.0s dev=0.00e+00
[BASE 174/600] case 5173 eff_am=0 eff_pr=0 para_pr=0.00 neigh=1.00 t=0.0s dev=0.00e+00
[BASE 175/600] case 5174 eff_am=0 eff_pr=1 para_pr=1.00 neigh=0.50 t=0.0s dev=0.00e+00
[BASE 176/600] case 5175 eff_am=0 eff_pr=0 para_pr=0.50 neigh=1.00 t=0.0s dev=0.00e+00
[BASE 177/600] case 5176 eff_am=0 eff_pr=0 para_pr=0.00 neigh=0.10 t=0.0s dev=0.00e+00
[BASE 178/600] case 5177 eff_am=0 eff_pr=0 para_pr=0.00 neigh=0.90 t=0.0s dev=0.00e+00
[BASE 179/600] case 5178 eff_am=0 eff_pr=1 para_pr=1.00 neigh=0.40 t=0.0s dev=0.00e+00
[BASE 180/600] case 5179 eff_am=0 eff_pr=0 para_pr=0.00 neigh=0.50 t=0.0s dev=0.00e+00
[BASE 181/600] case 5180 eff_am=0 eff_pr=1 para_pr=1.00 neigh=0.90 t=0.0s dev=0.00e+00
[BASE 182/600] case 5181 eff_am=0 eff_pr=0 para_pr=0.00 neigh=0.80 t=0.0s dev=0.00e+00
[BASE 183/600] case 5182 eff_am=0 eff_pr=0 para_pr=1.00 neigh=0.20 t=0.0s dev=0.00e+00
[BASE 184/600] case 5183 eff_am=0 eff_pr=1 para_pr=1.00 neigh=0.00 t=0.0s dev=0.00e+00
[BASE 185/600] case 5184 eff_am=0 eff_pr=0 para_pr=0.50 neigh=0.90 t=0.0s dev=0.00e+00
[BASE 186/600] case 5185 eff_am=0 eff_pr=0 para_pr=0.50 neigh=1.00 t=0.0s dev=0.00e+00
[BASE 187/600] case 5186 eff_am=0 eff_pr=0 para_pr=0.00 neigh=1.00 t=0.0s dev=0.00e+00
[BASE 188/600] case 5187 eff_am=0 eff_pr=0 para_pr=0.50 neigh=1.00 t=0.0s dev=0.00e+00
[BASE 189/600] case 5188 eff_am=0 eff_pr=0 para_pr=0.00 neigh=1.00 t=0.0s dev=0.00e+00
[BASE 190/600] case 5189 eff_am=0 eff_pr=0 para_pr=0.00 neigh=0.90 t=0.0s dev=0.00e+00
[BASE 191/600] case 5190 eff_am=0 eff_pr=0 para_pr=0.00 neigh=0.90 t=0.0s dev=0.00e+00
[BASE 192/600] case 5191 eff_am=0 eff_pr=0 para_pr=0.00 neigh=0.90 t=0.0s dev=0.00e+00
[BASE 193/600] case 5192 eff_am=0 eff_pr=0 para_pr=0.00 neigh=1.00 t=0.0s dev=0.00e+00
[BASE 194/600] case 5193 eff_am=0 eff_pr=1 para_pr=0.50 neigh=0.00 t=0.0s dev=0.00e+00
[BASE 195/600] case 5194 eff_am=0 eff_pr=0 para_pr=0.00 neigh=0.50 t=0.0s dev=0.00e+00
[BASE 196/600] case 5195 eff_am=0 eff_pr=0 para_pr=1.00 neigh=0.70 t=0.0s dev=0.00e+00
[BASE 197/600] case 5196 eff_am=0 eff_pr=1 para_pr=1.00 neigh=0.30 t=0.0s dev=0.00e+00
[BASE 198/600] case 5197 eff_am=0 eff_pr=0 para_pr=0.00 neigh=0.70 t=0.0s dev=0.00e+00
[BASE 199/600] case 5198 eff_am=0 eff_pr=0 para_pr=0.00 neigh=1.00 t=0.0s dev=0.00e+00
[BASE 200/600] case 5199 eff_am=0 eff_pr=1 para_pr=1.00 neigh=0.70 t=0.0s dev=0.00e+00
[BASE 201/600] case 5200 eff_am=0 eff_pr=1 para_pr=0.50 neigh=0.20 t=0.0s dev=0.00e+00
[BASE 202/600] case 5201 eff_am=0 eff_pr=0 para_pr=0.00 neigh=1.00 t=0.0s dev=0.00e+00
[BASE 203/600] case 5202 eff_am=0 eff_pr=0 para_pr=0.00 neigh=1.00 t=0.0s dev=0.00e+00
[BASE 204/600] case 5203 eff_am=0 eff_pr=0 para_pr=0.00 neigh=1.00 t=0.0s dev=0.00e+00
[BASE 205/600] case 5204 eff_am=0 eff_pr=0 para_pr=0.00 neigh=1.00 t=0.0s dev=0.00e+00
[BASE 206/600] case 5205 eff_am=0 eff_pr=1 para_pr=1.00 neigh=0.80 t=0.0s dev=0.00e+00
[BASE 207/600] case 5206 eff_am=0 eff_pr=0 para_pr=1.00 neigh=0.20 t=0.0s dev=0.00e+00
[BASE 208/600] case 5207 eff_am=0 eff_pr=0 para_pr=0.00 neigh=1.00 t=0.0s dev=0.00e+00
[BASE 209/600] case 5208 eff_am=0 eff_pr=0 para_pr=0.00 neigh=0.60 t=0.0s dev=0.00e+00
[BASE 210/600] case 5209 eff_am=0 eff_pr=0 para_pr=0.50 neigh=0.10 t=0.0s dev=0.00e+00
[BASE 211/600] case 5210 eff_am=0 eff_pr=0 para_pr=1.00 neigh=0.90 t=0.0s dev=0.00e+00
[BASE 212/600] case 5211 eff_am=0 eff_pr=1 para_pr=1.00 neigh=0.00 t=0.0s dev=0.00e+00
[BASE 213/600] case 5212 eff_am=0 eff_pr=1 para_pr=1.00 neigh=0.40 t=0.0s dev=0.00e+00
[BASE 214/600] case 5213 eff_am=0 eff_pr=0 para_pr=0.00 neigh=0.90 t=0.0s dev=0.00e+00
[BASE 215/600] case 5214 eff_am=0 eff_pr=0 para_pr=0.00 neigh=1.00 t=0.0s dev=0.00e+00
[BASE 216/600] case 5215 eff_am=0 eff_pr=1 para_pr=1.00 neigh=0.70 t=0.0s dev=0.00e+00
[BASE 217/600] case 5216 eff_am=0 eff_pr=0 para_pr=0.50 neigh=0.50 t=0.0s dev=0.00e+00
[BASE 218/600] case 5217 eff_am=0 eff_pr=0 para_pr=0.00 neigh=1.00 t=0.0s dev=0.00e+00
[BASE 219/600] case 5218 eff_am=0 eff_pr=0 para_pr=0.00 neigh=1.00 t=0.0s dev=0.00e+00
[BASE 220/600] case 5219 eff_am=0 eff_pr=0 para_pr=0.00 neigh=1.00 t=0.0s dev=0.00e+00
[BASE 221/600] case 5220 eff_am=0 eff_pr=1 para_pr=1.00 neigh=0.40 t=0.0s dev=0.00e+00
[BASE 222/600] case 5221 eff_am=0 eff_pr=0 para_pr=1.00 neigh=0.60 t=0.0s dev=0.00e+00
[BASE 223/600] case 5222 eff_am=0 eff_pr=0 para_pr=0.00 neigh=0.90 t=0.0s dev=0.00e+00
[BASE 224/600] case 5223 eff_am=0 eff_pr=0 para_pr=0.00 neigh=1.00 t=0.0s dev=0.00e+00
[BASE 225/600] case 5224 eff_am=0 eff_pr=0 para_pr=0.00 neigh=1.00 t=0.0s dev=0.00e+00
[BASE 226/600] case 5225 eff_am=0 eff_pr=0 para_pr=0.00 neigh=1.00 t=0.0s dev=0.00e+00
[BASE 227/600] case 5226 eff_am=0 eff_pr=0 para_pr=0.00 neigh=0.80 t=0.0s dev=0.00e+00
[BASE 228/600] case 5227 eff_am=0 eff_pr=0 para_pr=0.00 neigh=0.10 t=0.0s dev=0.00e+00
[BASE 229/600] case 5228 eff_am=0 eff_pr=0 para_pr=0.00 neigh=0.90 t=0.0s dev=0.00e+00
[BASE 230/600] case 5229 eff_am=0 eff_pr=0 para_pr=0.00 neigh=0.80 t=0.0s dev=0.00e+00
[BASE 231/600] case 5230 eff_am=0 eff_pr=0 para_pr=0.00 neigh=1.00 t=0.0s dev=0.00e+00
[BASE 232/600] case 5231 eff_am=0 eff_pr=0 para_pr=0.00 neigh=0.80 t=0.0s dev=0.00e+00
[BASE 233/600] case 5232 eff_am=0 eff_pr=0 para_pr=0.00 neigh=1.00 t=0.0s dev=0.00e+00
[BASE 234/600] case 5233 eff_am=0 eff_pr=0 para_pr=0.00 neigh=0.90 t=0.0s dev=0.00e+00
[BASE 235/600] case 5234 eff_am=0 eff_pr=1 para_pr=1.00 neigh=0.50 t=0.0s dev=0.00e+00
[BASE 236/600] case 5235 eff_am=0 eff_pr=0 para_pr=0.00 neigh=0.90 t=0.0s dev=0.00e+00
[BASE 237/600] case 5236 eff_am=0 eff_pr=0 para_pr=0.00 neigh=1.00 t=0.0s dev=0.00e+00
[BASE 238/600] case 5237 eff_am=0 eff_pr=0 para_pr=0.50 neigh=0.30 t=0.0s dev=0.00e+00
[BASE 239/600] case 5238 eff_am=0 eff_pr=1 para_pr=1.00 neigh=0.40 t=0.0s dev=0.00e+00
[BASE 240/600] case 5239 eff_am=0 eff_pr=0 para_pr=0.00 neigh=1.00 t=0.0s dev=0.00e+00
[BASE 241/600] case 5240 eff_am=0 eff_pr=0 para_pr=0.00 neigh=0.50 t=0.0s dev=0.00e+00
[BASE 242/600] case 5241 eff_am=0 eff_pr=1 para_pr=0.50 neigh=0.10 t=0.0s dev=0.00e+00
[BASE 243/600] case 5242 eff_am=0 eff_pr=0 para_pr=0.00 neigh=1.00 t=0.0s dev=0.00e+00
[BASE 244/600] case 5243 eff_am=0 eff_pr=0 para_pr=0.00 neigh=0.80 t=0.0s dev=0.00e+00
[BASE 245/600] case 5244 eff_am=0 eff_pr=1 para_pr=0.50 neigh=0.50 t=0.0s dev=0.00e+00
[BASE 246/600] case 5245 eff_am=0 eff_pr=0 para_pr=0.00 neigh=1.00 t=0.0s dev=0.00e+00
[BASE 247/600] case 5246 eff_am=0 eff_pr=0 para_pr=0.00 neigh=1.00 t=0.0s dev=0.00e+00
[BASE 248/600] case 5247 eff_am=0 eff_pr=0 para_pr=0.00 neigh=1.00 t=0.0s dev=0.00e+00
[BASE 249/600] case 5248 eff_am=0 eff_pr=1 para_pr=0.50 neigh=0.90 t=0.0s dev=0.00e+00
[BASE 250/600] case 5249 eff_am=0 eff_pr=0 para_pr=0.00 neigh=1.00 t=0.0s dev=0.00e+00
[BASE 251/600] case 5250 eff_am=0 eff_pr=0 para_pr=0.00 neigh=0.00 t=0.0s dev=0.00e+00
[BASE 252/600] case 5251 eff_am=0 eff_pr=0 para_pr=0.00 neigh=1.00 t=0.0s dev=0.00e+00
[BASE 253/600] case 5252 eff_am=0 eff_pr=0 para_pr=0.00 neigh=1.00 t=0.0s dev=0.00e+00
[BASE 254/600] case 5253 eff_am=0 eff_pr=0 para_pr=0.00 neigh=1.00 t=0.0s dev=0.00e+00
[BASE 255/600] case 5254 eff_am=0 eff_pr=1 para_pr=1.00 neigh=0.10 t=0.0s dev=0.00e+00
[BASE 256/600] case 5255 eff_am=0 eff_pr=0 para_pr=0.00 neigh=0.80 t=0.0s dev=0.00e+00
[BASE 257/600] case 5256 eff_am=0 eff_pr=0 para_pr=0.50 neigh=1.00 t=0.0s dev=0.00e+00
[BASE 258/600] case 5257 eff_am=0 eff_pr=0 para_pr=0.00 neigh=1.00 t=0.0s dev=0.00e+00
[BASE 259/600] case 5258 eff_am=0 eff_pr=1 para_pr=1.00 neigh=0.40 t=0.0s dev=0.00e+00
[BASE 260/600] case 5259 eff_am=0 eff_pr=0 para_pr=0.50 neigh=0.80 t=0.0s dev=0.00e+00
[BASE 261/600] case 5260 eff_am=0 eff_pr=0 para_pr=0.00 neigh=1.00 t=0.0s dev=0.00e+00
[BASE 262/600] case 5261 eff_am=0 eff_pr=1 para_pr=0.50 neigh=0.60 t=0.0s dev=0.00e+00
[BASE 263/600] case 5262 eff_am=0 eff_pr=0 para_pr=0.50 neigh=1.00 t=0.0s dev=0.00e+00
[BASE 264/600] case 5263 eff_am=0 eff_pr=0 para_pr=0.00 neigh=0.60 t=0.0s dev=0.00e+00
[BASE 265/600] case 5264 eff_am=0 eff_pr=0 para_pr=0.50 neigh=0.80 t=0.0s dev=0.00e+00
[BASE 266/600] case 5265 eff_am=0 eff_pr=1 para_pr=0.50 neigh=0.40 t=0.0s dev=0.00e+00
[BASE 267/600] case 5266 eff_am=0 eff_pr=0 para_pr=1.00 neigh=1.00 t=0.0s dev=0.00e+00
[BASE 268/600] case 5267 eff_am=0 eff_pr=1 para_pr=1.00 neigh=0.50 t=0.0s dev=0.00e+00
[BASE 269/600] case 5268 eff_am=0 eff_pr=0 para_pr=0.00 neigh=0.80 t=0.0s dev=0.00e+00
[BASE 270/600] case 5269 eff_am=0 eff_pr=0 para_pr=1.00 neigh=0.20 t=0.0s dev=0.00e+00
[BASE 271/600] case 5270 eff_am=0 eff_pr=0 para_pr=0.00 neigh=1.00 t=0.0s dev=0.00e+00
[BASE 272/600] case 5271 eff_am=0 eff_pr=1 para_pr=1.00 neigh=0.60 t=0.0s dev=0.00e+00
[BASE 273/600] case 5272 eff_am=0 eff_pr=1 para_pr=0.50 neigh=0.00 t=0.0s dev=0.00e+00
[BASE 274/600] case 5273 eff_am=0 eff_pr=0 para_pr=0.00 neigh=1.00 t=0.0s dev=0.00e+00
[BASE 275/600] case 5274 eff_am=0 eff_pr=0 para_pr=0.00 neigh=1.00 t=0.0s dev=0.00e+00
[BASE 276/600] case 5275 eff_am=0 eff_pr=0 para_pr=1.00 neigh=0.40 t=0.0s dev=0.00e+00
[BASE 277/600] case 5276 eff_am=0 eff_pr=0 para_pr=0.00 neigh=1.00 t=0.0s dev=0.00e+00
[BASE 278/600] case 5277 eff_am=0 eff_pr=0 para_pr=0.00 neigh=0.70 t=0.0s dev=0.00e+00
[BASE 279/600] case 5278 eff_am=0 eff_pr=0 para_pr=0.00 neigh=0.90 t=0.0s dev=0.00e+00
[BASE 280/600] case 5279 eff_am=0 eff_pr=1 para_pr=1.00 neigh=0.90 t=0.0s dev=0.00e+00
[BASE 281/600] case 5280 eff_am=0 eff_pr=0 para_pr=0.00 neigh=0.90 t=0.0s dev=0.00e+00
[BASE 282/600] case 5281 eff_am=0 eff_pr=0 para_pr=0.00 neigh=1.00 t=0.0s dev=0.00e+00
[BASE 283/600] case 5282 eff_am=0 eff_pr=0 para_pr=0.00 neigh=1.00 t=0.0s dev=0.00e+00
[BASE 284/600] case 5283 eff_am=0 eff_pr=1 para_pr=0.50 neigh=0.80 t=0.0s dev=0.00e+00
[BASE 285/600] case 5284 eff_am=0 eff_pr=0 para_pr=0.00 neigh=0.50 t=0.0s dev=0.00e+00
[BASE 286/600] case 5285 eff_am=0 eff_pr=0 para_pr=0.00 neigh=0.50 t=0.0s dev=0.00e+00
[BASE 287/600] case 5286 eff_am=0 eff_pr=0 para_pr=0.00 neigh=1.00 t=0.0s dev=0.00e+00
[BASE 288/600] case 5287 eff_am=0 eff_pr=1 para_pr=0.00 neigh=0.90 t=0.0s dev=0.00e+00
[BASE 289/600] case 5288 eff_am=0 eff_pr=0 para_pr=0.00 neigh=1.00 t=0.0s dev=0.00e+00
[BASE 290/600] case 5289 eff_am=0 eff_pr=0 para_pr=0.50 neigh=0.20 t=0.0s dev=0.00e+00
[BASE 291/600] case 5290 eff_am=0 eff_pr=0 para_pr=0.00 neigh=0.00 t=0.0s dev=0.00e+00
[BASE 292/600] case 5291 eff_am=0 eff_pr=0 para_pr=0.00 neigh=0.80 t=0.0s dev=0.00e+00
[BASE 293/600] case 5292 eff_am=0 eff_pr=0 para_pr=0.00 neigh=1.00 t=0.0s dev=0.00e+00
[BASE 294/600] case 5293 eff_am=0 eff_pr=0 para_pr=0.00 neigh=0.80 t=0.0s dev=0.00e+00
[BASE 295/600] case 5294 eff_am=0 eff_pr=1 para_pr=1.00 neigh=0.50 t=0.0s dev=0.00e+00
[BASE 296/600] case 5295 eff_am=0 eff_pr=0 para_pr=0.00 neigh=0.80 t=0.0s dev=0.00e+00
[BASE 297/600] case 5296 eff_am=0 eff_pr=0 para_pr=0.00 neigh=0.80 t=0.0s dev=0.00e+00
[BASE 298/600] case 5297 eff_am=0 eff_pr=0 para_pr=0.00 neigh=1.00 t=0.0s dev=0.00e+00
[BASE 299/600] case 5298 eff_am=0 eff_pr=0 para_pr=0.00 neigh=0.60 t=0.0s dev=0.00e+00
[BASE 300/600] case 5299 eff_am=0 eff_pr=0 para_pr=0.00 neigh=1.00 t=0.0s dev=0.00e+00
[BASE 301/600] case 5300 eff_am=0 eff_pr=0 para_pr=0.00 neigh=1.00 t=0.0s dev=0.00e+00
[BASE 302/600] case 5301 eff_am=0 eff_pr=0 para_pr=1.00 neigh=0.60 t=0.0s dev=0.00e+00
[BASE 303/600] case 5302 eff_am=0 eff_pr=0 para_pr=0.00 neigh=1.00 t=0.0s dev=0.00e+00
[BASE 304/600] case 5303 eff_am=0 eff_pr=0 para_pr=0.00 neigh=0.90 t=0.0s dev=0.00e+00
[BASE 305/600] case 5304 eff_am=0 eff_pr=0 para_pr=0.00 neigh=1.00 t=0.0s dev=0.00e+00
[BASE 306/600] case 5305 eff_am=0 eff_pr=0 para_pr=0.00 neigh=0.80 t=0.0s dev=0.00e+00
[BASE 307/600] case 5306 eff_am=0 eff_pr=0 para_pr=0.50 neigh=1.00 t=0.0s dev=0.00e+00
[BASE 308/600] case 5307 eff_am=0 eff_pr=0 para_pr=0.00 neigh=1.00 t=0.0s dev=0.00e+00
[BASE 309/600] case 5308 eff_am=0 eff_pr=0 para_pr=0.00 neigh=0.70 t=0.0s dev=0.00e+00
[BASE 310/600] case 5309 eff_am=0 eff_pr=0 para_pr=0.00 neigh=1.00 t=0.0s dev=0.00e+00
[BASE 311/600] case 5310 eff_am=0 eff_pr=0 para_pr=0.00 neigh=0.80 t=0.0s dev=0.00e+00
[BASE 312/600] case 5311 eff_am=0 eff_pr=1 para_pr=1.00 neigh=0.10 t=0.0s dev=0.00e+00
[BASE 313/600] case 5312 eff_am=0 eff_pr=0 para_pr=1.00 neigh=0.70 t=0.0s dev=0.00e+00
[BASE 314/600] case 5313 eff_am=0 eff_pr=0 para_pr=1.00 neigh=0.70 t=0.0s dev=0.00e+00
[BASE 315/600] case 5314 eff_am=0 eff_pr=0 para_pr=1.00 neigh=0.70 t=0.0s dev=0.00e+00
[BASE 316/600] case 5315 eff_am=0 eff_pr=1 para_pr=0.50 neigh=0.00 t=0.0s dev=0.00e+00
[BASE 317/600] case 5316 eff_am=0 eff_pr=0 para_pr=0.50 neigh=0.80 t=0.0s dev=0.00e+00
[BASE 318/600] case 5317 eff_am=0 eff_pr=0 para_pr=0.00 neigh=1.00 t=0.0s dev=0.00e+00
[BASE 319/600] case 5318 eff_am=0 eff_pr=1 para_pr=1.00 neigh=0.70 t=0.0s dev=0.00e+00
[BASE 320/600] case 5319 eff_am=0 eff_pr=1 para_pr=1.00 neigh=0.10 t=0.0s dev=0.00e+00
[BASE 321/600] case 5320 eff_am=0 eff_pr=0 para_pr=0.00 neigh=1.00 t=0.0s dev=0.00e+00
[BASE 322/600] case 5321 eff_am=0 eff_pr=0 para_pr=0.00 neigh=0.60 t=0.0s dev=0.00e+00
[BASE 323/600] case 5322 eff_am=0 eff_pr=1 para_pr=1.00 neigh=0.50 t=0.0s dev=0.00e+00
[BASE 324/600] case 5323 eff_am=0 eff_pr=0 para_pr=0.00 neigh=0.40 t=0.0s dev=0.00e+00
[BASE 325/600] case 5324 eff_am=0 eff_pr=0 para_pr=0.00 neigh=1.00 t=0.0s dev=0.00e+00
[BASE 326/600] case 5325 eff_am=0 eff_pr=0 para_pr=0.50 neigh=0.90 t=0.0s dev=0.00e+00
[BASE 327/600] case 5326 eff_am=0 eff_pr=0 para_pr=0.00 neigh=1.00 t=0.0s dev=0.00e+00
[BASE 328/600] case 5327 eff_am=0 eff_pr=0 para_pr=0.00 neigh=1.00 t=0.0s dev=0.00e+00
[BASE 329/600] case 5328 eff_am=0 eff_pr=1 para_pr=1.00 neigh=0.90 t=0.0s dev=0.00e+00
[BASE 330/600] case 5329 eff_am=0 eff_pr=0 para_pr=0.00 neigh=0.80 t=0.0s dev=0.00e+00
[BASE 331/600] case 5330 eff_am=0 eff_pr=0 para_pr=0.00 neigh=1.00 t=0.0s dev=0.00e+00
[BASE 332/600] case 5331 eff_am=0 eff_pr=1 para_pr=1.00 neigh=0.90 t=0.0s dev=0.00e+00
[BASE 333/600] case 5332 eff_am=0 eff_pr=0 para_pr=0.00 neigh=1.00 t=0.0s dev=0.00e+00
[BASE 334/600] case 5333 eff_am=0 eff_pr=0 para_pr=0.00 neigh=0.90 t=0.0s dev=0.00e+00
[BASE 335/600] case 5334 eff_am=0 eff_pr=1 para_pr=1.00 neigh=0.80 t=0.0s dev=0.00e+00
[BASE 336/600] case 5335 eff_am=1 eff_pr=1 para_pr=0.50 neigh=0.70 t=0.0s dev=0.00e+00
[BASE 337/600] case 5336 eff_am=0 eff_pr=0 para_pr=0.00 neigh=0.40 t=0.0s dev=0.00e+00
[BASE 338/600] case 5337 eff_am=0 eff_pr=0 para_pr=0.00 neigh=1.00 t=0.0s dev=0.00e+00
[BASE 339/600] case 5338 eff_am=0 eff_pr=0 para_pr=0.00 neigh=0.90 t=0.0s dev=0.00e+00
[BASE 340/600] case 5339 eff_am=0 eff_pr=1 para_pr=1.00 neigh=0.10 t=0.0s dev=0.00e+00
[BASE 341/600] case 5340 eff_am=0 eff_pr=0 para_pr=0.00 neigh=0.90 t=0.0s dev=0.00e+00
[BASE 342/600] case 5341 eff_am=0 eff_pr=0 para_pr=0.00 neigh=1.00 t=0.0s dev=0.00e+00
[BASE 343/600] case 5342 eff_am=0 eff_pr=0 para_pr=0.00 neigh=1.00 t=0.0s dev=0.00e+00
[BASE 344/600] case 5343 eff_am=0 eff_pr=1 para_pr=0.00 neigh=0.80 t=0.0s dev=0.00e+00
[BASE 345/600] case 5344 eff_am=0 eff_pr=0 para_pr=0.00 neigh=0.80 t=0.0s dev=0.00e+00
[BASE 346/600] case 5345 eff_am=0 eff_pr=0 para_pr=0.00 neigh=1.00 t=0.0s dev=0.00e+00
[BASE 347/600] case 5346 eff_am=0 eff_pr=1 para_pr=1.00 neigh=1.00 t=0.0s dev=0.00e+00
[BASE 348/600] case 5347 eff_am=0 eff_pr=0 para_pr=0.00 neigh=0.20 t=0.0s dev=0.00e+00
[BASE 349/600] case 5348 eff_am=0 eff_pr=0 para_pr=0.00 neigh=0.70 t=0.0s dev=0.00e+00
[BASE 350/600] case 5349 eff_am=0 eff_pr=0 para_pr=1.00 neigh=0.70 t=0.0s dev=0.00e+00
[BASE 351/600] case 5350 eff_am=0 eff_pr=0 para_pr=0.00 neigh=1.00 t=0.0s dev=0.00e+00
[BASE 352/600] case 5351 eff_am=0 eff_pr=1 para_pr=1.00 neigh=0.30 t=0.0s dev=0.00e+00
[BASE 353/600] case 5352 eff_am=0 eff_pr=0 para_pr=0.00 neigh=0.60 t=0.0s dev=0.00e+00
[BASE 354/600] case 5353 eff_am=0 eff_pr=0 para_pr=0.00 neigh=1.00 t=0.0s dev=0.00e+00
[BASE 355/600] case 5354 eff_am=0 eff_pr=0 para_pr=0.50 neigh=0.80 t=0.0s dev=0.00e+00
[BASE 356/600] case 5355 eff_am=0 eff_pr=0 para_pr=0.00 neigh=0.80 t=0.0s dev=0.00e+00
[BASE 357/600] case 5356 eff_am=0 eff_pr=0 para_pr=0.00 neigh=1.00 t=0.0s dev=0.00e+00
[BASE 358/600] case 5357 eff_am=0 eff_pr=0 para_pr=1.00 neigh=0.80 t=0.0s dev=0.00e+00
[BASE 359/600] case 5358 eff_am=0 eff_pr=0 para_pr=0.50 neigh=0.80 t=0.0s dev=0.00e+00
[BASE 360/600] case 5359 eff_am=0 eff_pr=0 para_pr=0.00 neigh=0.90 t=0.0s dev=0.00e+00
[BASE 361/600] case 5360 eff_am=0 eff_pr=0 para_pr=0.50 neigh=0.60 t=0.0s dev=0.00e+00
[BASE 362/600] case 5361 eff_am=0 eff_pr=0 para_pr=0.50 neigh=1.00 t=0.0s dev=0.00e+00
[BASE 363/600] case 5362 eff_am=0 eff_pr=0 para_pr=0.00 neigh=1.00 t=0.0s dev=0.00e+00
[BASE 364/600] case 5363 eff_am=0 eff_pr=0 para_pr=0.00 neigh=1.00 t=0.0s dev=0.00e+00
[BASE 365/600] case 5364 eff_am=0 eff_pr=0 para_pr=0.00 neigh=0.60 t=0.0s dev=0.00e+00
[BASE 366/600] case 5365 eff_am=0 eff_pr=1 para_pr=0.00 neigh=0.90 t=0.0s dev=0.00e+00
[BASE 367/600] case 5366 eff_am=0 eff_pr=0 para_pr=0.00 neigh=0.90 t=0.0s dev=0.00e+00
[BASE 368/600] case 5367 eff_am=0 eff_pr=0 para_pr=0.00 neigh=0.90 t=0.0s dev=0.00e+00
[BASE 369/600] case 5368 eff_am=0 eff_pr=0 para_pr=0.00 neigh=1.00 t=0.0s dev=0.00e+00
[BASE 370/600] case 5369 eff_am=0 eff_pr=0 para_pr=0.50 neigh=0.10 t=0.0s dev=0.00e+00
[BASE 371/600] case 5370 eff_am=0 eff_pr=0 para_pr=0.50 neigh=1.00 t=0.0s dev=0.00e+00
[BASE 372/600] case 5371 eff_am=0 eff_pr=0 para_pr=1.00 neigh=0.30 t=0.0s dev=0.00e+00
[BASE 373/600] case 5372 eff_am=0 eff_pr=0 para_pr=0.50 neigh=0.80 t=0.0s dev=0.00e+00
[BASE 374/600] case 5373 eff_am=0 eff_pr=0 para_pr=0.00 neigh=1.00 t=0.0s dev=0.00e+00
[BASE 375/600] case 5374 eff_am=0 eff_pr=0 para_pr=0.00 neigh=1.00 t=0.0s dev=0.00e+00
[BASE 376/600] case 5375 eff_am=0 eff_pr=1 para_pr=0.00 neigh=0.50 t=0.0s dev=0.00e+00
[BASE 377/600] case 5376 eff_am=0 eff_pr=0 para_pr=0.00 neigh=1.00 t=0.0s dev=0.00e+00
[BASE 378/600] case 5377 eff_am=0 eff_pr=0 para_pr=0.00 neigh=0.90 t=0.0s dev=0.00e+00
[BASE 379/600] case 5378 eff_am=0 eff_pr=0 para_pr=1.00 neigh=1.00 t=0.0s dev=0.00e+00
[BASE 380/600] case 5379 eff_am=0 eff_pr=1 para_pr=0.00 neigh=0.50 t=0.0s dev=0.00e+00
[BASE 381/600] case 5380 eff_am=0 eff_pr=0 para_pr=0.00 neigh=1.00 t=0.0s dev=0.00e+00
[BASE 382/600] case 5381 eff_am=0 eff_pr=0 para_pr=0.00 neigh=1.00 t=0.0s dev=0.00e+00
[BASE 383/600] case 5382 eff_am=0 eff_pr=0 para_pr=0.00 neigh=1.00 t=0.0s dev=0.00e+00
[BASE 384/600] case 5383 eff_am=0 eff_pr=0 para_pr=0.00 neigh=0.90 t=0.0s dev=0.00e+00
[BASE 385/600] case 5384 eff_am=0 eff_pr=0 para_pr=0.00 neigh=1.00 t=0.0s dev=0.00e+00
[BASE 386/600] case 5385 eff_am=0 eff_pr=0 para_pr=0.00 neigh=1.00 t=0.0s dev=0.00e+00
[BASE 387/600] case 5386 eff_am=0 eff_pr=0 para_pr=0.50 neigh=1.00 t=0.0s dev=0.00e+00
[BASE 388/600] case 5387 eff_am=0 eff_pr=1 para_pr=0.00 neigh=0.60 t=0.0s dev=0.00e+00
[BASE 389/600] case 5388 eff_am=0 eff_pr=1 para_pr=1.00 neigh=0.60 t=0.0s dev=0.00e+00
[BASE 390/600] case 5389 eff_am=0 eff_pr=1 para_pr=1.00 neigh=0.70 t=0.0s dev=0.00e+00
[BASE 391/600] case 5390 eff_am=0 eff_pr=0 para_pr=0.00 neigh=1.00 t=0.0s dev=0.00e+00
[BASE 392/600] case 5391 eff_am=0 eff_pr=0 para_pr=0.00 neigh=1.00 t=0.0s dev=0.00e+00
[BASE 393/600] case 5392 eff_am=0 eff_pr=0 para_pr=0.00 neigh=1.00 t=0.0s dev=0.00e+00
[BASE 394/600] case 5393 eff_am=0 eff_pr=0 para_pr=0.00 neigh=1.00 t=0.0s dev=0.00e+00
[BASE 395/600] case 5394 eff_am=0 eff_pr=0 para_pr=0.50 neigh=1.00 t=0.0s dev=0.00e+00
[BASE 396/600] case 5395 eff_am=0 eff_pr=1 para_pr=0.50 neigh=0.70 t=0.0s dev=0.00e+00
[BASE 397/600] case 5396 eff_am=0 eff_pr=0 para_pr=0.00 neigh=0.60 t=0.0s dev=0.00e+00
[BASE 398/600] case 5397 eff_am=0 eff_pr=0 para_pr=0.00 neigh=1.00 t=0.0s dev=0.00e+00
[BASE 399/600] case 5398 eff_am=0 eff_pr=0 para_pr=0.00 neigh=1.00 t=0.0s dev=0.00e+00
[BASE 400/600] case 5399 eff_am=0 eff_pr=0 para_pr=0.00 neigh=1.00 t=0.0s dev=0.00e+00
[BASE 401/600] case 5400 eff_am=0 eff_pr=0 para_pr=0.00 neigh=1.00 t=0.0s dev=0.00e+00
[BASE 402/600] case 5401 eff_am=0 eff_pr=0 para_pr=0.00 neigh=1.00 t=0.0s dev=0.00e+00
[BASE 403/600] case 5402 eff_am=0 eff_pr=0 para_pr=0.00 neigh=1.00 t=0.0s dev=0.00e+00
[BASE 404/600] case 5403 eff_am=0 eff_pr=0 para_pr=0.00 neigh=1.00 t=0.0s dev=0.00e+00
[BASE 405/600] case 5404 eff_am=0 eff_pr=0 para_pr=0.00 neigh=0.90 t=0.0s dev=0.00e+00
[BASE 406/600] case 5405 eff_am=0 eff_pr=0 para_pr=0.00 neigh=1.00 t=0.0s dev=0.00e+00
[BASE 407/600] case 5406 eff_am=0 eff_pr=0 para_pr=0.00 neigh=1.00 t=0.0s dev=0.00e+00
[BASE 408/600] case 5407 eff_am=0 eff_pr=0 para_pr=0.50 neigh=0.80 t=0.0s dev=0.00e+00
[BASE 409/600] case 5408 eff_am=0 eff_pr=0 para_pr=0.00 neigh=1.00 t=0.0s dev=0.00e+00
[BASE 410/600] case 5409 eff_am=0 eff_pr=1 para_pr=0.50 neigh=0.40 t=0.0s dev=0.00e+00
[BASE 411/600] case 5410 eff_am=0 eff_pr=1 para_pr=0.50 neigh=0.40 t=0.0s dev=0.00e+00
[BASE 412/600] case 5411 eff_am=0 eff_pr=1 para_pr=1.00 neigh=0.10 t=0.0s dev=0.00e+00
[BASE 413/600] case 5412 eff_am=0 eff_pr=1 para_pr=1.00 neigh=0.10 t=0.0s dev=0.00e+00
[BASE 414/600] case 5413 eff_am=0 eff_pr=0 para_pr=0.00 neigh=0.60 t=0.0s dev=0.00e+00
[BASE 415/600] case 5414 eff_am=0 eff_pr=0 para_pr=0.00 neigh=1.00 t=0.0s dev=0.00e+00
[BASE 416/600] case 5415 eff_am=0 eff_pr=1 para_pr=0.00 neigh=0.70 t=0.0s dev=0.00e+00
[BASE 417/600] case 5416 eff_am=0 eff_pr=0 para_pr=0.00 neigh=0.20 t=0.0s dev=0.00e+00
[BASE 418/600] case 5417 eff_am=0 eff_pr=0 para_pr=0.00 neigh=1.00 t=0.0s dev=0.00e+00
[BASE 419/600] case 5418 eff_am=0 eff_pr=0 para_pr=0.00 neigh=1.00 t=0.0s dev=0.00e+00
[BASE 420/600] case 5419 eff_am=0 eff_pr=1 para_pr=1.00 neigh=0.80 t=0.0s dev=0.00e+00
[BASE 421/600] case 5420 eff_am=0 eff_pr=0 para_pr=0.00 neigh=1.00 t=0.0s dev=0.00e+00
[BASE 422/600] case 5421 eff_am=0 eff_pr=0 para_pr=0.00 neigh=1.00 t=0.0s dev=0.00e+00
[BASE 423/600] case 5422 eff_am=0 eff_pr=0 para_pr=0.00 neigh=1.00 t=0.0s dev=0.00e+00
[BASE 424/600] case 5423 eff_am=0 eff_pr=1 para_pr=1.00 neigh=0.50 t=0.0s dev=0.00e+00
[BASE 425/600] case 5424 eff_am=0 eff_pr=1 para_pr=1.00 neigh=1.00 t=0.0s dev=0.00e+00
[BASE 426/600] case 5425 eff_am=0 eff_pr=0 para_pr=0.00 neigh=0.70 t=0.0s dev=0.00e+00
[BASE 427/600] case 5426 eff_am=0 eff_pr=0 para_pr=0.50 neigh=0.80 t=0.0s dev=0.00e+00
[BASE 428/600] case 5427 eff_am=0 eff_pr=0 para_pr=0.00 neigh=0.90 t=0.0s dev=0.00e+00
[BASE 429/600] case 5428 eff_am=0 eff_pr=0 para_pr=0.00 neigh=1.00 t=0.0s dev=0.00e+00
[BASE 430/600] case 5429 eff_am=0 eff_pr=1 para_pr=1.00 neigh=0.60 t=0.0s dev=0.00e+00
[BASE 431/600] case 5430 eff_am=0 eff_pr=0 para_pr=0.00 neigh=1.00 t=0.0s dev=0.00e+00
[BASE 432/600] case 5431 eff_am=0 eff_pr=0 para_pr=0.00 neigh=1.00 t=0.0s dev=0.00e+00
[BASE 433/600] case 5432 eff_am=0 eff_pr=0 para_pr=0.00 neigh=1.00 t=0.0s dev=0.00e+00
[BASE 434/600] case 5433 eff_am=0 eff_pr=1 para_pr=1.00 neigh=0.20 t=0.0s dev=0.00e+00
[BASE 435/600] case 5434 eff_am=0 eff_pr=0 para_pr=0.00 neigh=1.00 t=0.0s dev=0.00e+00
[BASE 436/600] case 5435 eff_am=0 eff_pr=1 para_pr=0.00 neigh=1.00 t=0.0s dev=0.00e+00
[BASE 437/600] case 5436 eff_am=0 eff_pr=0 para_pr=0.00 neigh=0.90 t=0.0s dev=0.00e+00
[BASE 438/600] case 5437 eff_am=0 eff_pr=0 para_pr=0.00 neigh=1.00 t=0.0s dev=0.00e+00
[BASE 439/600] case 5438 eff_am=0 eff_pr=0 para_pr=0.00 neigh=1.00 t=0.0s dev=0.00e+00
[BASE 440/600] case 5439 eff_am=0 eff_pr=1 para_pr=1.00 neigh=0.50 t=0.0s dev=0.00e+00
[BASE 441/600] case 5440 eff_am=0 eff_pr=0 para_pr=0.00 neigh=0.90 t=0.0s dev=0.00e+00
[BASE 442/600] case 5441 eff_am=0 eff_pr=1 para_pr=0.00 neigh=0.90 t=0.0s dev=0.00e+00
[BASE 443/600] case 5442 eff_am=0 eff_pr=0 para_pr=0.00 neigh=0.90 t=0.0s dev=0.00e+00
[BASE 444/600] case 5443 eff_am=0 eff_pr=0 para_pr=0.00 neigh=1.00 t=0.0s dev=0.00e+00
[BASE 445/600] case 5444 eff_am=0 eff_pr=0 para_pr=0.00 neigh=1.00 t=0.0s dev=0.00e+00
[BASE 446/600] case 5445 eff_am=0 eff_pr=0 para_pr=0.00 neigh=1.00 t=0.0s dev=0.00e+00
[BASE 447/600] case 5446 eff_am=0 eff_pr=0 para_pr=0.00 neigh=1.00 t=0.0s dev=0.00e+00
[BASE 448/600] case 5447 eff_am=0 eff_pr=0 para_pr=0.00 neigh=0.90 t=0.0s dev=0.00e+00
[BASE 449/600] case 5448 eff_am=0 eff_pr=0 para_pr=0.00 neigh=0.80 t=0.0s dev=0.00e+00
[BASE 450/600] case 5449 eff_am=0 eff_pr=0 para_pr=1.00 neigh=1.00 t=0.0s dev=0.00e+00
[BASE 451/600] case 5450 eff_am=0 eff_pr=0 para_pr=0.00 neigh=1.00 t=0.0s dev=0.00e+00
[BASE 452/600] case 5451 eff_am=0 eff_pr=0 para_pr=0.00 neigh=1.00 t=0.0s dev=0.00e+00
[BASE 453/600] case 5452 eff_am=0 eff_pr=0 para_pr=0.00 neigh=0.90 t=0.0s dev=0.00e+00
[BASE 454/600] case 5453 eff_am=0 eff_pr=1 para_pr=1.00 neigh=0.10 t=0.0s dev=0.00e+00
[BASE 455/600] case 5454 eff_am=0 eff_pr=0 para_pr=0.00 neigh=1.00 t=0.0s dev=0.00e+00
[BASE 456/600] case 5455 eff_am=0 eff_pr=0 para_pr=0.00 neigh=1.00 t=0.0s dev=0.00e+00
[BASE 457/600] case 5456 eff_am=0 eff_pr=0 para_pr=1.00 neigh=0.70 t=0.0s dev=0.00e+00
[BASE 458/600] case 5457 eff_am=0 eff_pr=0 para_pr=0.00 neigh=0.60 t=0.0s dev=0.00e+00
[BASE 459/600] case 5458 eff_am=0 eff_pr=0 para_pr=0.00 neigh=0.90 t=0.0s dev=0.00e+00
[BASE 460/600] case 5459 eff_am=0 eff_pr=0 para_pr=0.00 neigh=0.90 t=0.0s dev=0.00e+00
[BASE 461/600] case 5460 eff_am=0 eff_pr=0 para_pr=0.00 neigh=0.40 t=0.0s dev=0.00e+00
[BASE 462/600] case 5461 eff_am=0 eff_pr=0 para_pr=0.00 neigh=1.00 t=0.0s dev=0.00e+00
[BASE 463/600] case 5462 eff_am=0 eff_pr=0 para_pr=0.00 neigh=1.00 t=0.0s dev=0.00e+00
[BASE 464/600] case 5463 eff_am=0 eff_pr=0 para_pr=0.00 neigh=1.00 t=0.0s dev=0.00e+00
[BASE 465/600] case 5464 eff_am=0 eff_pr=0 para_pr=0.00 neigh=1.00 t=0.0s dev=0.00e+00
[BASE 466/600] case 5465 eff_am=0 eff_pr=0 para_pr=0.00 neigh=1.00 t=0.0s dev=0.00e+00
[BASE 467/600] case 5466 eff_am=0 eff_pr=1 para_pr=0.50 neigh=0.80 t=0.0s dev=0.00e+00
[BASE 468/600] case 5467 eff_am=0 eff_pr=1 para_pr=1.00 neigh=0.70 t=0.0s dev=0.00e+00
[BASE 469/600] case 5468 eff_am=0 eff_pr=0 para_pr=0.00 neigh=1.00 t=0.0s dev=0.00e+00
[BASE 470/600] case 5469 eff_am=0 eff_pr=0 para_pr=0.00 neigh=0.60 t=0.0s dev=0.00e+00
[BASE 471/600] case 5470 eff_am=0 eff_pr=1 para_pr=0.00 neigh=0.90 t=0.0s dev=0.00e+00
[BASE 472/600] case 5471 eff_am=0 eff_pr=1 para_pr=1.00 neigh=0.40 t=0.0s dev=0.00e+00
[BASE 473/600] case 5472 eff_am=0 eff_pr=0 para_pr=0.00 neigh=1.00 t=0.0s dev=0.00e+00
[BASE 474/600] case 5473 eff_am=0 eff_pr=0 para_pr=0.00 neigh=1.00 t=0.0s dev=0.00e+00
[BASE 475/600] case 5474 eff_am=0 eff_pr=1 para_pr=1.00 neigh=0.70 t=0.0s dev=0.00e+00
[BASE 476/600] case 5475 eff_am=0 eff_pr=0 para_pr=0.00 neigh=0.90 t=0.0s dev=0.00e+00
[BASE 477/600] case 5476 eff_am=0 eff_pr=0 para_pr=0.00 neigh=1.00 t=0.0s dev=0.00e+00
[BASE 478/600] case 5477 eff_am=0 eff_pr=0 para_pr=0.00 neigh=1.00 t=0.0s dev=0.00e+00
[BASE 479/600] case 5478 eff_am=0 eff_pr=0 para_pr=0.00 neigh=0.80 t=0.0s dev=0.00e+00
[BASE 480/600] case 5479 eff_am=0 eff_pr=0 para_pr=0.50 neigh=0.90 t=0.0s dev=0.00e+00
[BASE 481/600] case 5480 eff_am=0 eff_pr=0 para_pr=0.00 neigh=0.10 t=0.0s dev=0.00e+00
[BASE 482/600] case 5481 eff_am=0 eff_pr=0 para_pr=0.50 neigh=0.80 t=0.0s dev=0.00e+00
[BASE 483/600] case 5482 eff_am=0 eff_pr=0 para_pr=0.00 neigh=0.90 t=0.0s dev=0.00e+00
[BASE 484/600] case 5483 eff_am=0 eff_pr=0 para_pr=0.00 neigh=1.00 t=0.0s dev=0.00e+00
[BASE 485/600] case 5484 eff_am=0 eff_pr=0 para_pr=0.00 neigh=1.00 t=0.0s dev=0.00e+00
[BASE 486/600] case 5485 eff_am=0 eff_pr=0 para_pr=0.00 neigh=0.90 t=0.0s dev=0.00e+00
[BASE 487/600] case 5486 eff_am=0 eff_pr=1 para_pr=0.50 neigh=0.30 t=0.0s dev=0.00e+00
[BASE 488/600] case 5487 eff_am=0 eff_pr=0 para_pr=0.00 neigh=0.60 t=0.0s dev=0.00e+00
[BASE 489/600] case 5488 eff_am=0 eff_pr=0 para_pr=0.00 neigh=0.90 t=0.0s dev=0.00e+00
[BASE 490/600] case 5489 eff_am=0 eff_pr=0 para_pr=0.00 neigh=1.00 t=0.0s dev=0.00e+00
[BASE 491/600] case 5490 eff_am=0 eff_pr=0 para_pr=0.50 neigh=1.00 t=0.0s dev=0.00e+00
[BASE 492/600] case 5491 eff_am=0 eff_pr=0 para_pr=0.50 neigh=0.90 t=0.0s dev=0.00e+00
[BASE 493/600] case 5492 eff_am=0 eff_pr=0 para_pr=0.00 neigh=1.00 t=0.0s dev=0.00e+00
[BASE 494/600] case 5493 eff_am=0 eff_pr=1 para_pr=0.50 neigh=0.20 t=0.0s dev=0.00e+00
[BASE 495/600] case 5494 eff_am=0 eff_pr=0 para_pr=0.00 neigh=0.80 t=0.0s dev=0.00e+00
[BASE 496/600] case 5495 eff_am=0 eff_pr=0 para_pr=0.00 neigh=1.00 t=0.0s dev=0.00e+00
[BASE 497/600] case 5496 eff_am=0 eff_pr=0 para_pr=0.00 neigh=0.90 t=0.0s dev=0.00e+00
[BASE 498/600] case 5497 eff_am=0 eff_pr=0 para_pr=0.50 neigh=0.80 t=0.0s dev=0.00e+00
[BASE 499/600] case 5498 eff_am=0 eff_pr=0 para_pr=0.00 neigh=1.00 t=0.0s dev=0.00e+00
[BASE 500/600] case 5499 eff_am=0 eff_pr=1 para_pr=1.00 neigh=0.70 t=0.0s dev=0.00e+00
[BASE 501/600] case 5500 eff_am=0 eff_pr=0 para_pr=0.00 neigh=1.00 t=0.0s dev=0.00e+00
[BASE 502/600] case 5501 eff_am=0 eff_pr=0 para_pr=0.00 neigh=1.00 t=0.0s dev=0.00e+00
[BASE 503/600] case 5502 eff_am=0 eff_pr=1 para_pr=1.00 neigh=0.50 t=0.0s dev=0.00e+00
[BASE 504/600] case 5503 eff_am=0 eff_pr=0 para_pr=0.00 neigh=0.80 t=0.0s dev=0.00e+00
[BASE 505/600] case 5504 eff_am=0 eff_pr=0 para_pr=0.00 neigh=0.90 t=0.0s dev=0.00e+00
[BASE 506/600] case 5505 eff_am=0 eff_pr=1 para_pr=1.00 neigh=0.40 t=0.0s dev=0.00e+00
[BASE 507/600] case 5506 eff_am=0 eff_pr=1 para_pr=0.50 neigh=0.10 t=0.0s dev=0.00e+00
[BASE 508/600] case 5507 eff_am=0 eff_pr=0 para_pr=0.00 neigh=1.00 t=0.0s dev=0.00e+00
[BASE 509/600] case 5508 eff_am=0 eff_pr=1 para_pr=1.00 neigh=0.90 t=0.0s dev=0.00e+00
[BASE 510/600] case 5509 eff_am=0 eff_pr=1 para_pr=1.00 neigh=0.70 t=0.0s dev=0.00e+00
[BASE 511/600] case 5510 eff_am=0 eff_pr=0 para_pr=0.00 neigh=0.80 t=0.0s dev=0.00e+00
[BASE 512/600] case 5511 eff_am=0 eff_pr=0 para_pr=0.50 neigh=0.40 t=0.0s dev=0.00e+00
[BASE 513/600] case 5512 eff_am=0 eff_pr=0 para_pr=0.00 neigh=1.00 t=0.0s dev=0.00e+00
[BASE 514/600] case 5513 eff_am=0 eff_pr=1 para_pr=0.50 neigh=1.00 t=0.0s dev=0.00e+00
[BASE 515/600] case 5514 eff_am=0 eff_pr=0 para_pr=0.00 neigh=1.00 t=0.0s dev=0.00e+00
[BASE 516/600] case 5515 eff_am=0 eff_pr=0 para_pr=0.00 neigh=0.90 t=0.0s dev=0.00e+00
[BASE 517/600] case 5516 eff_am=0 eff_pr=0 para_pr=1.00 neigh=0.40 t=0.0s dev=0.00e+00
[BASE 518/600] case 5517 eff_am=0 eff_pr=1 para_pr=0.50 neigh=0.90 t=0.0s dev=0.00e+00
[BASE 519/600] case 5518 eff_am=0 eff_pr=0 para_pr=0.00 neigh=0.80 t=0.0s dev=0.00e+00
[BASE 520/600] case 5519 eff_am=0 eff_pr=0 para_pr=0.50 neigh=0.80 t=0.0s dev=0.00e+00
[BASE 521/600] case 5520 eff_am=0 eff_pr=0 para_pr=0.00 neigh=1.00 t=0.0s dev=0.00e+00
[BASE 522/600] case 5521 eff_am=0 eff_pr=0 para_pr=0.00 neigh=1.00 t=0.0s dev=0.00e+00
[BASE 523/600] case 5522 eff_am=0 eff_pr=1 para_pr=0.50 neigh=0.30 t=0.0s dev=0.00e+00
[BASE 524/600] case 5523 eff_am=0 eff_pr=0 para_pr=0.50 neigh=0.40 t=0.0s dev=0.00e+00
[BASE 525/600] case 5524 eff_am=0 eff_pr=0 para_pr=0.50 neigh=0.80 t=0.0s dev=0.00e+00
[BASE 526/600] case 5525 eff_am=0 eff_pr=0 para_pr=0.00 neigh=1.00 t=0.0s dev=0.00e+00
[BASE 527/600] case 5526 eff_am=0 eff_pr=0 para_pr=0.50 neigh=0.10 t=0.0s dev=0.00e+00
[BASE 528/600] case 5527 eff_am=0 eff_pr=0 para_pr=0.00 neigh=1.00 t=0.0s dev=0.00e+00
[BASE 529/600] case 5528 eff_am=0 eff_pr=0 para_pr=0.00 neigh=0.80 t=0.0s dev=0.00e+00
[BASE 530/600] case 5529 eff_am=0 eff_pr=0 para_pr=0.00 neigh=1.00 t=0.0s dev=0.00e+00
[BASE 531/600] case 5530 eff_am=0 eff_pr=0 para_pr=0.00 neigh=0.70 t=0.0s dev=0.00e+00
[BASE 532/600] case 5531 eff_am=0 eff_pr=1 para_pr=1.00 neigh=0.80 t=0.0s dev=0.00e+00
[BASE 533/600] case 5532 eff_am=0 eff_pr=0 para_pr=0.00 neigh=0.90 t=0.0s dev=0.00e+00
[BASE 534/600] case 5533 eff_am=0 eff_pr=1 para_pr=1.00 neigh=0.80 t=0.0s dev=0.00e+00
[BASE 535/600] case 5534 eff_am=0 eff_pr=1 para_pr=1.00 neigh=0.10 t=0.0s dev=0.00e+00
[BASE 536/600] case 5535 eff_am=0 eff_pr=1 para_pr=1.00 neigh=0.40 t=0.0s dev=0.00e+00
[BASE 537/600] case 5536 eff_am=0 eff_pr=0 para_pr=0.00 neigh=1.00 t=0.0s dev=0.00e+00
[BASE 538/600] case 5537 eff_am=0 eff_pr=1 para_pr=1.00 neigh=1.00 t=0.0s dev=0.00e+00
[BASE 539/600] case 5538 eff_am=0 eff_pr=0 para_pr=0.00 neigh=1.00 t=0.0s dev=0.00e+00
[BASE 540/600] case 5539 eff_am=0 eff_pr=1 para_pr=0.50 neigh=0.60 t=0.0s dev=0.00e+00
[BASE 541/600] case 5540 eff_am=0 eff_pr=0 para_pr=0.00 neigh=1.00 t=0.0s dev=0.00e+00
[BASE 542/600] case 5541 eff_am=0 eff_pr=0 para_pr=0.00 neigh=1.00 t=0.0s dev=0.00e+00
[BASE 543/600] case 5542 eff_am=0 eff_pr=0 para_pr=0.00 neigh=0.80 t=0.0s dev=0.00e+00
[BASE 544/600] case 5543 eff_am=0 eff_pr=0 para_pr=0.00 neigh=1.00 t=0.0s dev=0.00e+00
[BASE 545/600] case 5544 eff_am=0 eff_pr=0 para_pr=0.00 neigh=0.80 t=0.0s dev=0.00e+00
[BASE 546/600] case 5545 eff_am=0 eff_pr=0 para_pr=0.00 neigh=0.90 t=0.0s dev=0.00e+00
[BASE 547/600] case 5546 eff_am=0 eff_pr=1 para_pr=0.50 neigh=0.20 t=0.0s dev=0.00e+00
[BASE 548/600] case 5547 eff_am=0 eff_pr=0 para_pr=0.00 neigh=1.00 t=0.0s dev=0.00e+00
[BASE 549/600] case 5548 eff_am=0 eff_pr=1 para_pr=1.00 neigh=0.60 t=0.0s dev=0.00e+00
[BASE 550/600] case 5549 eff_am=0 eff_pr=0 para_pr=0.00 neigh=1.00 t=0.0s dev=0.00e+00
[BASE 551/600] case 5550 eff_am=0 eff_pr=0 para_pr=0.00 neigh=1.00 t=0.0s dev=0.00e+00
[BASE 552/600] case 5551 eff_am=0 eff_pr=1 para_pr=0.50 neigh=0.40 t=0.0s dev=0.00e+00
[BASE 553/600] case 5552 eff_am=0 eff_pr=0 para_pr=0.00 neigh=0.70 t=0.0s dev=0.00e+00
[BASE 554/600] case 5553 eff_am=0 eff_pr=0 para_pr=0.00 neigh=1.00 t=0.0s dev=0.00e+00
[BASE 555/600] case 5554 eff_am=0 eff_pr=0 para_pr=0.00 neigh=1.00 t=0.0s dev=0.00e+00
[BASE 556/600] case 5555 eff_am=0 eff_pr=0 para_pr=0.50 neigh=0.90 t=0.0s dev=0.00e+00
[BASE 557/600] case 5556 eff_am=0 eff_pr=0 para_pr=0.00 neigh=0.70 t=0.0s dev=0.00e+00
[BASE 558/600] case 5557 eff_am=0 eff_pr=1 para_pr=0.50 neigh=0.30 t=0.0s dev=0.00e+00
[BASE 559/600] case 5558 eff_am=0 eff_pr=0 para_pr=0.00 neigh=0.30 t=0.0s dev=0.00e+00
[BASE 560/600] case 5559 eff_am=0 eff_pr=0 para_pr=0.00 neigh=1.00 t=0.0s dev=0.00e+00
[BASE 561/600] case 5560 eff_am=0 eff_pr=0 para_pr=0.00 neigh=1.00 t=0.0s dev=0.00e+00
[BASE 562/600] case 5561 eff_am=0 eff_pr=0 para_pr=0.00 neigh=1.00 t=0.0s dev=0.00e+00
[BASE 563/600] case 5562 eff_am=0 eff_pr=0 para_pr=0.00 neigh=1.00 t=0.0s dev=0.00e+00
[BASE 564/600] case 5563 eff_am=0 eff_pr=0 para_pr=0.00 neigh=0.90 t=0.0s dev=0.00e+00
[BASE 565/600] case 5564 eff_am=0 eff_pr=0 para_pr=0.00 neigh=0.90 t=0.0s dev=0.00e+00
[BASE 566/600] case 5565 eff_am=0 eff_pr=0 para_pr=0.00 neigh=1.00 t=0.0s dev=0.00e+00
[BASE 567/600] case 5566 eff_am=0 eff_pr=0 para_pr=0.00 neigh=1.00 t=0.0s dev=0.00e+00
[BASE 568/600] case 5567 eff_am=0 eff_pr=0 para_pr=0.00 neigh=1.00 t=0.0s dev=0.00e+00
[BASE 569/600] case 5568 eff_am=0 eff_pr=1 para_pr=0.50 neigh=0.90 t=0.0s dev=0.00e+00
[BASE 570/600] case 5569 eff_am=0 eff_pr=0 para_pr=0.00 neigh=1.00 t=0.0s dev=0.00e+00
[BASE 571/600] case 5570 eff_am=0 eff_pr=1 para_pr=0.00 neigh=0.30 t=0.0s dev=0.00e+00
[BASE 572/600] case 5571 eff_am=0 eff_pr=1 para_pr=1.00 neigh=0.80 t=0.0s dev=0.00e+00
[BASE 573/600] case 5572 eff_am=0 eff_pr=0 para_pr=0.50 neigh=0.00 t=0.0s dev=0.00e+00
[BASE 574/600] case 5573 eff_am=0 eff_pr=0 para_pr=0.00 neigh=0.80 t=0.0s dev=0.00e+00
[BASE 575/600] case 5574 eff_am=0 eff_pr=0 para_pr=0.00 neigh=0.70 t=0.0s dev=0.00e+00
[BASE 576/600] case 5575 eff_am=0 eff_pr=0 para_pr=0.00 neigh=1.00 t=0.0s dev=0.00e+00
[BASE 577/600] case 5576 eff_am=0 eff_pr=0 para_pr=0.50 neigh=1.00 t=0.0s dev=0.00e+00
[BASE 578/600] case 5577 eff_am=0 eff_pr=0 para_pr=0.50 neigh=1.00 t=0.0s dev=0.00e+00
[BASE 579/600] case 5578 eff_am=0 eff_pr=0 para_pr=0.00 neigh=0.90 t=0.0s dev=0.00e+00
[BASE 580/600] case 5579 eff_am=0 eff_pr=0 para_pr=0.00 neigh=1.00 t=0.0s dev=0.00e+00
[BASE 581/600] case 5580 eff_am=0 eff_pr=0 para_pr=0.00 neigh=1.00 t=0.0s dev=0.00e+00
[BASE 582/600] case 5581 eff_am=0 eff_pr=0 para_pr=0.00 neigh=1.00 t=0.0s dev=0.00e+00
[BASE 583/600] case 5582 eff_am=0 eff_pr=1 para_pr=1.00 neigh=0.80 t=0.0s dev=0.00e+00
[BASE 584/600] case 5583 eff_am=0 eff_pr=0 para_pr=0.00 neigh=1.00 t=0.0s dev=0.00e+00
[BASE 585/600] case 5584 eff_am=0 eff_pr=0 para_pr=0.00 neigh=1.00 t=0.0s dev=0.00e+00
[BASE 586/600] case 5585 eff_am=0 eff_pr=0 para_pr=0.00 neigh=0.80 t=0.0s dev=0.00e+00
[BASE 587/600] case 5586 eff_am=0 eff_pr=0 para_pr=0.00 neigh=0.90 t=0.0s dev=0.00e+00
[BASE 588/600] case 5587 eff_am=0 eff_pr=0 para_pr=0.00 neigh=0.80 t=0.0s dev=0.00e+00
[BASE 589/600] case 5588 eff_am=0 eff_pr=0 para_pr=0.00 neigh=1.00 t=0.0s dev=0.00e+00
[BASE 590/600] case 5589 eff_am=0 eff_pr=1 para_pr=0.00 neigh=0.90 t=0.0s dev=0.00e+00
[BASE 591/600] case 5590 eff_am=0 eff_pr=0 para_pr=0.00 neigh=1.00 t=0.0s dev=0.00e+00
[BASE 592/600] case 5591 eff_am=0 eff_pr=0 para_pr=0.00 neigh=1.00 t=0.0s dev=0.00e+00
[BASE 593/600] case 5592 eff_am=0 eff_pr=1 para_pr=1.00 neigh=0.00 t=0.0s dev=0.00e+00
[BASE 594/600] case 5593 eff_am=0 eff_pr=0 para_pr=0.00 neigh=0.80 t=0.0s dev=0.00e+00
[BASE 595/600] case 5594 eff_am=0 eff_pr=1 para_pr=0.50 neigh=0.80 t=0.0s dev=0.00e+00
[BASE 596/600] case 5595 eff_am=0 eff_pr=0 para_pr=0.50 neigh=1.00 t=0.0s dev=0.00e+00
[BASE 597/600] case 5596 eff_am=0 eff_pr=0 para_pr=0.00 neigh=0.40 t=0.0s dev=0.00e+00
[BASE 598/600] case 5597 eff_am=0 eff_pr=0 para_pr=0.00 neigh=1.00 t=0.0s dev=0.00e+00
[BASE 599/600] case 5598 eff_am=0 eff_pr=0 para_pr=0.00 neigh=1.00 t=0.0s dev=0.00e+00
[BASE 600/600] case 5599 eff_am=0 eff_pr=0 para_pr=0.00 neigh=0.60 t=0.0s dev=0.00e+00
[done] BASE: 600 records this run (0 errors), mean edit time 0.0s -> D:\HLM5-cert-confirm\baselines\confirm\results\editors_window.jsonl
Warning: You are sending unauthenticated requests to the HF Hub. Please set a HF_TOKEN to enable higher rate limits and faster downloads.
[setup] 600 study records; case_ids 5000..5599
Loading weights:   0%|          | 0/580 [00:00<?, ?it/s]Loading weights: 100%|██████████| 580/580 [00:00<00:00, 9288.79it/s]
C:\Users\md\AppData\Local\Programs\Python\Python311\Lib\site-packages\torch\nn\modules\module.py:1326: UserWarning: expandable_segments not supported on this platform (Triggered internally at C:\actions-runner\_work\pytorch\pytorch\builder\windows\pytorch\c10/cuda/CUDAAllocatorConfig.h:28.)
  return t.to(
[setup] editor=BASE no edit; pre-edit reference metrics
[done] BASE: 0 records this run (0 errors), mean edit time 0.0s -> D:\HLM5-cert-confirm\baselines\confirm\results\editors_window.jsonl
Warning: You are sending unauthenticated requests to the HF Hub. Please set a HF_TOKEN to enable higher rate limits and faster downloads.
[setup] 600 study records; case_ids 5000..5599
Loading weights:   0%|          | 0/580 [00:00<?, ?it/s]Loading weights: 100%|██████████| 580/580 [00:00<00:00, 7379.70it/s]
C:\Users\md\AppData\Local\Programs\Python\Python311\Lib\site-packages\torch\nn\modules\module.py:1326: UserWarning: expandable_segments not supported on this platform (Triggered internally at C:\actions-runner\_work\pytorch\pytorch\builder\windows\pytorch\c10/cuda/CUDAAllocatorConfig.h:28.)
  return t.to(
[setup] editor=BASE no edit; pre-edit reference metrics
[done] BASE: 0 records this run (0 errors), mean edit time 0.0s -> D:\HLM5-cert-confirm\baselines\confirm\results\editors_window.jsonl
