STATEFUL_COMPARISON_FAIL_MISMATCH label=midpoint mismatching_ranks=96
srun: error: lrdn2565: task 13: Exited with exit code 1
srun: Terminating StepId=51821287.3
srun: error: lrdn3000: tasks 53-55: Exited with exit code 1
srun: error: lrdn2970: tasks 48,50-51: Exited with exit code 1
srun: error: lrdn3126: tasks 65-67: Exited with exit code 1
srun: error: lrdn3142: tasks 68-69,71: Exited with exit code 1
srun: error: lrdn2879: tasks 28-30: Exited with exit code 1
srun: error: lrdn2893: tasks 36-38: Exited with exit code 1
slurmstepd: error: *** STEP 51821287.3 ON lrdn2309 CANCELLED AT 2026-08-11T15:52:31 ***
srun: error: lrdn2414: tasks 4,7: Exited with exit code 1
srun: error: lrdn2809: tasks 20-22: Exited with exit code 1
srun: error: lrdn3045: tasks 60-62: Exited with exit code 1
srun: error: lrdn2309: tasks 0,2-3: Exited with exit code 1
srun: error: lrdn2892: tasks 32-34: Exited with exit code 1
srun: error: lrdn3019: tasks 57-59: Exited with exit code 1
srun: error: lrdn2424: tasks 8,10-11: Exited with exit code 1
srun: error: lrdn2923: tasks 40,42-43: Exited with exit code 1
srun: error: lrdn3311: tasks 81-83: Exited with exit code 1
srun: error: lrdn3278: tasks 76-78: Exited with exit code 1
srun: error: lrdn2609: tasks 18-19: Exited with exit code 1
srun: error: lrdn3227: tasks 72-74: Exited with exit code 1
srun: error: lrdn3387: tasks 84,86-87: Exited with exit code 1
srun: error: lrdn2826: tasks 24,26-27: Exited with exit code 1
srun: error: lrdn2966: tasks 44-45,47: Exited with exit code 1
srun: error: lrdn3403: tasks 88-90: Exited with exit code 1
srun: error: lrdn3428: tasks 92,94-95: Exited with exit code 1
srun: error: lrdn3000: task 52: Exited with exit code 1
srun: error: lrdn3142: task 70: Exited with exit code 1
srun: error: lrdn2970: task 49: Exited with exit code 1
srun: error: lrdn2893: task 39: Exited with exit code 1
srun: error: lrdn3045: task 63: Exited with exit code 1
srun: error: lrdn2309: task 1: Exited with exit code 1
srun: error: lrdn2879: task 31: Exited with exit code 1
srun: error: lrdn3126: task 64: Exited with exit code 1
srun: error: lrdn3019: task 56: Exited with exit code 1
srun: error: lrdn2892: task 35: Exited with exit code 1
srun: error: lrdn2424: task 9: Exited with exit code 1
srun: error: lrdn2809: task 23: Exited with exit code 1
srun: error: lrdn3278: task 79: Exited with exit code 1
srun: error: lrdn3387: task 85: Exited with exit code 1
srun: error: lrdn2923: task 41: Exited with exit code 1
srun: error: lrdn3311: task 80: Exited with exit code 1
srun: error: lrdn3227: task 75: Exited with exit code 1
srun: error: lrdn2966: task 46: Exited with exit code 1
srun: error: lrdn2826: task 25: Exited with exit code 1
srun: error: lrdn3403: task 91: Exited with exit code 1
srun: error: lrdn3428: task 93: Exited with exit code 1
srun: error: lrdn2565: tasks 12,14-15: Exited with exit code 1
srun: error: lrdn2414: tasks 5-6: Exited with exit code 1
srun: error: lrdn2609: tasks 16-17: Exited with exit code 1
